Archive member included to satisfy reference by file (symbol)

/usr/lib/gcc/avr/5.4.0/../../../avr/lib/avr5/libprintf_min.a(vfprintf_min.o)
                              (vfprintf)
/usr/lib/gcc/avr/5.4.0/../../../avr/lib/avr5/libscanf_min.a(vfscanf_min.o)
                              (vfscanf)
/usr/lib/gcc/avr/5.4.0/avr5/libgcc.a(_mulsi3.o)
                              build/obj/hal_flash.o (__mulsi3)
/usr/lib/gcc/avr/5.4.0/avr5/libgcc.a(_udivmodsi4.o)
                              build/obj/hal_flash.o (__udivmodsi4)
/usr/lib/gcc/avr/5.4.0/avr5/libgcc.a(_exit.o)
                              /usr/lib/gcc/avr/5.4.0/../../../avr/lib/avr5/crtatmega328p.o (exit)
/usr/lib/gcc/avr/5.4.0/avr5/libgcc.a(_copy_data.o)
                              build/obj/hal_serial.o (__do_copy_data)
/usr/lib/gcc/avr/5.4.0/avr5/libgcc.a(_clear_bss.o)
                              build/obj/hal_gpt_lld.o (__do_clear_bss)
/usr/lib/gcc/avr/5.4.0/avr5/libgcc.a(_muluhisi3.o)
                              build/obj/hal_flash.o (__muluhisi3)
/usr/lib/gcc/avr/5.4.0/avr5/libgcc.a(_prologue.o)
                              /usr/lib/gcc/avr/5.4.0/../../../avr/lib/avr5/libprintf_min.a(vfprintf_min.o) (__prologue_saves__)
/usr/lib/gcc/avr/5.4.0/avr5/libgcc.a(_epilogue.o)
                              /usr/lib/gcc/avr/5.4.0/../../../avr/lib/avr5/libprintf_min.a(vfprintf_min.o) (__epilogue_restores__)
/usr/lib/gcc/avr/5.4.0/avr5/libgcc.a(_adddi3.o)
                              build/obj/chvt.o (__adddi3)
/usr/lib/gcc/avr/5.4.0/avr5/libgcc.a(_umulhisi3.o)
                              /usr/lib/gcc/avr/5.4.0/avr5/libgcc.a(_muluhisi3.o) (__umulhisi3)
/usr/lib/gcc/avr/5.4.0/../../../avr/lib/avr5/libc.a(isspace.o)
                              /usr/lib/gcc/avr/5.4.0/../../../avr/lib/avr5/libscanf_min.a(vfscanf_min.o) (isspace)
/usr/lib/gcc/avr/5.4.0/../../../avr/lib/avr5/libc.a(strchr_P.o)
                              /usr/lib/gcc/avr/5.4.0/../../../avr/lib/avr5/libprintf_min.a(vfprintf_min.o) (strchr_P)
/usr/lib/gcc/avr/5.4.0/../../../avr/lib/avr5/libc.a(memcpy.o)
                              build/obj/hal_buffers.o (memcpy)
/usr/lib/gcc/avr/5.4.0/../../../avr/lib/avr5/libc.a(strcmp.o)
                              build/obj/chregistry.o (strcmp)
/usr/lib/gcc/avr/5.4.0/../../../avr/lib/avr5/libc.a(fgetc.o)
                              /usr/lib/gcc/avr/5.4.0/../../../avr/lib/avr5/libscanf_min.a(vfscanf_min.o) (fgetc)
/usr/lib/gcc/avr/5.4.0/../../../avr/lib/avr5/libc.a(fputc.o)
                              /usr/lib/gcc/avr/5.4.0/../../../avr/lib/avr5/libprintf_min.a(vfprintf_min.o) (fputc)
/usr/lib/gcc/avr/5.4.0/../../../avr/lib/avr5/libc.a(ungetc.o)
                              /usr/lib/gcc/avr/5.4.0/../../../avr/lib/avr5/libscanf_min.a(vfscanf_min.o) (ungetc)
/usr/lib/gcc/avr/5.4.0/../../../avr/lib/avr5/libc.a(ultoa_invert.o)
                              /usr/lib/gcc/avr/5.4.0/../../../avr/lib/avr5/libprintf_min.a(vfprintf_min.o) (__ultoa_invert)
/usr/lib/gcc/avr/5.4.0/../../../avr/lib/avr5/libc.a(cty_isfalse.o)
                              /usr/lib/gcc/avr/5.4.0/../../../avr/lib/avr5/libc.a(isspace.o) (__ctype_isfalse)

Allocating common symbols
Common symbol       size              file

GPTD1               0xa               build/obj/hal_gpt_lld.o
ch_system           0x3               build/obj/chsys.o
__avr_in_isr        0x1               build/obj/chcore.o
ch0                 0x45              build/obj/chsys.o
ch_memcore          0x4               build/obj/chmemcore.o
SD1                 0x49              build/obj/hal_serial_lld.o

Discarded input sections

 .data          0x0000000000000000        0x0 /usr/lib/gcc/avr/5.4.0/../../../avr/lib/avr5/crtatmega328p.o
 .bss           0x0000000000000000        0x0 /usr/lib/gcc/avr/5.4.0/../../../avr/lib/avr5/crtatmega328p.o
 .text          0x0000000000000000        0x0 build/obj/hal.o
 .data          0x0000000000000000        0x0 build/obj/hal.o
 .bss           0x0000000000000000        0x0 build/obj/hal.o
 .text          0x0000000000000000        0x0 build/obj/hal_st.o
 .data          0x0000000000000000        0x0 build/obj/hal_st.o
 .bss           0x0000000000000000        0x0 build/obj/hal_st.o
 .text.stGetAlarm
                0x0000000000000000        0xa build/obj/hal_st.o
 .text.stIsAlarmActive
                0x0000000000000000        0xa build/obj/hal_st.o
 .text          0x0000000000000000        0x0 build/obj/hal_buffered_serial.o
 .data          0x0000000000000000        0x0 build/obj/hal_buffered_serial.o
 .bss           0x0000000000000000        0x0 build/obj/hal_buffered_serial.o
 .text.bsIncomingDataI
                0x0000000000000000       0x50 build/obj/hal_buffered_serial.o
 .text.bsRequestDataI
                0x0000000000000000       0x38 build/obj/hal_buffered_serial.o
 .debug_info    0x0000000000000000      0xd9e build/obj/hal_buffered_serial.o
 .debug_abbrev  0x0000000000000000      0x260 build/obj/hal_buffered_serial.o
[...]
Memory Configuration

Name             Origin             Length             Attributes
text             0x0000000000000000 0x0000000000008000 xr
data             0x0000000000800100 0x0000000000000800 rw !x
eeprom           0x0000000000810000 0x0000000000000400 rw !x
fuse             0x0000000000820000 0x0000000000000003 rw !x
lock             0x0000000000830000 0x0000000000000400 rw !x
signature        0x0000000000840000 0x0000000000000400 rw !x
user_signatures  0x0000000000850000 0x0000000000000400 rw !x
*default*        0x0000000000000000 0xffffffffffffffff

Linker script and memory map

Address of section .data set to 0x800100
LOAD /usr/lib/gcc/avr/5.4.0/../../../avr/lib/avr5/crtatmega328p.o
LOAD build/obj/hal.o
LOAD build/obj/hal_st.o
LOAD build/obj/hal_buffered_serial.o
LOAD build/obj/hal_buffers.o
LOAD build/obj/hal_queues.o
LOAD build/obj/hal_flash.o
LOAD build/obj/hal_mmcsd.o
LOAD build/obj/hal_gpt.o
LOAD build/obj/hal_pal.o
LOAD build/obj/hal_serial.o
LOAD build/obj/board.o
LOAD build/obj/hal_lld.o
LOAD build/obj/hal_pal_lld.o
LOAD build/obj/hal_st_lld.o
LOAD build/obj/hal_gpt_lld.o
LOAD build/obj/hal_serial_lld.o
LOAD build/obj/osal.o
LOAD build/obj/chsys.o
LOAD build/obj/chrfcu.o
LOAD build/obj/chdebug.o
LOAD build/obj/chtrace.o
LOAD build/obj/chvt.o
LOAD build/obj/chschd.o
LOAD build/obj/chinstances.o
LOAD build/obj/chthreads.o
LOAD build/obj/chregistry.o
LOAD build/obj/chsem.o
LOAD build/obj/chmtx.o
LOAD build/obj/chcond.o
LOAD build/obj/chevents.o
LOAD build/obj/chmsg.o
LOAD build/obj/chmemchecks.o
LOAD build/obj/chmboxes.o
LOAD build/obj/chmemcore.o
LOAD build/obj/chmemheaps.o
LOAD build/obj/chmempools.o
LOAD build/obj/chpipes.o
LOAD build/obj/chobjcaches.o
LOAD build/obj/chdelegates.o
LOAD build/obj/chcore.o
LOAD build/obj/main.o
LOAD /usr/lib/gcc/avr/5.4.0/../../../avr/lib/avr5/libprintf_min.a
LOAD /usr/lib/gcc/avr/5.4.0/../../../avr/lib/avr5/libscanf_min.a
LOAD /usr/lib/gcc/avr/5.4.0/../../../avr/lib/avr5/libm.a
                0x0000000000000000                __main_thread_stack_base__ = 0x0
                0x0000000000000000                __main_thread_stack_end__ = 0x0
START GROUP
LOAD /usr/lib/gcc/avr/5.4.0/avr5/libgcc.a
LOAD /usr/lib/gcc/avr/5.4.0/../../../avr/lib/avr5/libm.a
LOAD /usr/lib/gcc/avr/5.4.0/../../../avr/lib/avr5/libc.a
LOAD /usr/lib/gcc/avr/5.4.0/../../../avr/lib/avr5/libatmega328p.a
END GROUP
                0x0000000000000000                __TEXT_REGION_ORIGIN__ = DEFINED (__TEXT_REGION_ORIGIN__)?__TEXT_REGION_ORIGIN__:0x0
                [0x0000000000800100]                __DATA_REGION_ORIGIN__ = DEFINED (__DATA_REGION_ORIGIN__)?__DATA_REGION_ORIGIN__:0x800060
                [0x0000000000008000]                __TEXT_REGION_LENGTH__ = DEFINED (__TEXT_REGION_LENGTH__)?__TEXT_REGION_LENGTH__:0x20000
                [0x0000000000000800]                __DATA_REGION_LENGTH__ = DEFINED (__DATA_REGION_LENGTH__)?__DATA_REGION_LENGTH__:0xffa0
                [0x0000000000000400]                __EEPROM_REGION_LENGTH__ = DEFINED (__EEPROM_REGION_LENGTH__)?__EEPROM_REGION_LENGTH__:0x10000
                [0x0000000000000003]                __FUSE_REGION_LENGTH__ = DEFINED (__FUSE_REGION_LENGTH__)?__FUSE_REGION_LENGTH__:0x400
                0x0000000000000400                __LOCK_REGION_LENGTH__ = DEFINED (__LOCK_REGION_LENGTH__)?__LOCK_REGION_LENGTH__:0x400
                0x0000000000000400                __SIGNATURE_REGION_LENGTH__ = DEFINED (__SIGNATURE_REGION_LENGTH__)?__SIGNATURE_REGION_LENGTH__:0x400
                0x0000000000000400                __USER_SIGNATURE_REGION_LENGTH__ = DEFINED (__USER_SIGNATURE_REGION_LENGTH__)?__USER_SIGNATURE_REGION_LENGTH__:0x400

.hash
 *(.hash)

.dynsym
 *(.dynsym)

.dynstr
 *(.dynstr)

.gnu.version
 *(.gnu.version)

.gnu.version_d
 *(.gnu.version_d)

.gnu.version_r
 *(.gnu.version_r)

.rel.init
 *(.rel.init)

.rela.init
 *(.rela.init)

.rel.text
 *(.rel.text)
 *(.rel.text.*)
 *(.rel.gnu.linkonce.t*)

.rela.text
 *(.rela.text)
 *(.rela.text.*)
 *(.rela.gnu.linkonce.t*)

.rel.fini
 *(.rel.fini)

.rela.fini
 *(.rela.fini)

.rel.rodata
 *(.rel.rodata)
 *(.rel.rodata.*)
 *(.rel.gnu.linkonce.r*)

.rela.rodata
 *(.rela.rodata)
 *(.rela.rodata.*)
 *(.rela.gnu.linkonce.r*)

.rel.data
 *(.rel.data)
 *(.rel.data.*)
 *(.rel.gnu.linkonce.d*)

.rela.data
 *(.rela.data)
 *(.rela.data.*)
 *(.rela.gnu.linkonce.d*)

.rel.ctors
 *(.rel.ctors)

.rela.ctors
 *(.rela.ctors)

.rel.dtors
 *(.rel.dtors)

.rela.dtors
 *(.rela.dtors)

.rel.got
 *(.rel.got)

.rela.got
 *(.rela.got)

.rel.bss
 *(.rel.bss)

.rela.bss
 *(.rela.bss)

.rel.plt
 *(.rel.plt)

.rela.plt
 *(.rela.plt)

.text           0x0000000000000000     0x20e0
 *(.vectors)
 .vectors       0x0000000000000000       0x68 /usr/lib/gcc/avr/5.4.0/../../../avr/lib/avr5/crtatmega328p.o
                0x0000000000000000                __vectors
                0x0000000000000000                __vector_default
 *(.vectors)
 *(.progmem.gcc*)
                0x0000000000000068                . = ALIGN (0x2)
                0x0000000000000068                __trampolines_start = .
 *(.trampolines)
 .trampolines   0x0000000000000068        0x0 linker stubs
 *(.trampolines*)
                0x0000000000000068                __trampolines_end = .
 *libprintf_flt.a:*(.progmem.data)
 *libc.a:*(.progmem.data)
 *(.progmem*)
 .progmem.data  0x0000000000000068       0x17 /usr/lib/gcc/avr/5.4.0/../../../avr/lib/avr5/libprintf_min.a(vfprintf_min.o)
 .progmem.data  0x000000000000007f        0xb /usr/lib/gcc/avr/5.4.0/../../../avr/lib/avr5/libscanf_min.a(vfscanf_min.o)
                0x000000000000008a                . = ALIGN (0x2)
 *(.jumptables)
 *(.jumptables*)
 *(.lowtext)
 *(.lowtext*)
                0x000000000000008a                __ctors_start = .
 *(.ctors)
                0x000000000000008a                __ctors_end = .
                0x000000000000008a                __dtors_start = .
 *(.dtors)
                0x000000000000008a                __dtors_end = .
 SORT(*)(.ctors)
 SORT(*)(.dtors)
 *(.init0)
 .init0         0x000000000000008a        0x0 /usr/lib/gcc/avr/5.4.0/../../../avr/lib/avr5/crtatmega328p.o
                0x000000000000008a                __init
 *(.init0)
 *(.init1)
 *(.init1)
 *(.init2)
 .init2         0x000000000000008a        0xc /usr/lib/gcc/avr/5.4.0/../../../avr/lib/avr5/crtatmega328p.o
 *(.init2)
 *(.init3)
 *(.init3)
 *(.init4)
 .init4         0x0000000000000096       0x16 /usr/lib/gcc/avr/5.4.0/avr5/libgcc.a(_copy_data.o)
                0x0000000000000096                __do_copy_data
 .init4         0x00000000000000ac       0x10 /usr/lib/gcc/avr/5.4.0/avr5/libgcc.a(_clear_bss.o)
                0x00000000000000ac                __do_clear_bss
 *(.init4)
 *(.init5)
 *(.init5)
 *(.init6)
 *(.init6)
 *(.init7)
 *(.init7)
 *(.init8)
 *(.init8)
 *(.init9)
 .init9         0x00000000000000bc        0x8 /usr/lib/gcc/avr/5.4.0/../../../avr/lib/avr5/crtatmega328p.o
 *(.init9)
 *(.text)
 .text          0x00000000000000c4        0x4 /usr/lib/gcc/avr/5.4.0/../../../avr/lib/avr5/crtatmega328p.o
                0x00000000000000c4                __vector_22
                0x00000000000000c4                __vector_1
                0x00000000000000c4                __vector_24
                0x00000000000000c4                __vector_12
                0x00000000000000c4                __bad_interrupt
                0x00000000000000c4                __vector_6
                0x00000000000000c4                __vector_3
                0x00000000000000c4                __vector_23
                0x00000000000000c4                __vector_25
                0x00000000000000c4                __vector_13
                0x00000000000000c4                __vector_17
                0x00000000000000c4                __vector_7
                0x00000000000000c4                __vector_5
                0x00000000000000c4                __vector_4
                0x00000000000000c4                __vector_9
                0x00000000000000c4                __vector_2
                0x00000000000000c4                __vector_21
                0x00000000000000c4                __vector_15
                0x00000000000000c4                __vector_8
                0x00000000000000c4                __vector_14
                0x00000000000000c4                __vector_10
                0x00000000000000c4                __vector_16
                0x00000000000000c4                __vector_20
                0x00000000000000c8                . = ALIGN (0x2)
 *(.text.*)
 .text.halInit  0x00000000000000c8       0x18 build/obj/hal.o
                0x00000000000000c8                halInit
 .text.stInit   0x00000000000000e0        0x4 build/obj/hal_st.o
                0x00000000000000e0                stInit
 .text.stGetCounter
                0x00000000000000e4        0xa build/obj/hal_st.o
                0x00000000000000e4                stGetCounter
 .text.stStartAlarm
                0x00000000000000ee       0x12 build/obj/hal_st.o
                0x00000000000000ee                stStartAlarm
 .text.stStopAlarm
                0x0000000000000100        0x6 build/obj/hal_st.o
                0x0000000000000100                stStopAlarm
 .text.stSetAlarm
                0x0000000000000106        0xa build/obj/hal_st.o
                0x0000000000000106                stSetAlarm
 .text.iq_read  0x0000000000000110       0xb6 build/obj/hal_queues.o
 .text.oq_write
                0x00000000000001c6       0xb6 build/obj/hal_queues.o
 .text.iqObjectInit
                0x000000000000027c       0x56 build/obj/hal_queues.o
                0x000000000000027c                iqObjectInit
 .text.iqPutI   0x00000000000002d2       0x58 build/obj/hal_queues.o
                0x00000000000002d2                iqPutI
 .text.iqGetTimeout
                0x000000000000032a       0x76 build/obj/hal_queues.o
                0x000000000000032a                iqGetTimeout
 .text.iqReadTimeout
                0x00000000000003a0       0x9a build/obj/hal_queues.o
                0x00000000000003a0                iqReadTimeout
 .text.oqObjectInit
                0x000000000000043a       0x56 build/obj/hal_queues.o
                0x000000000000043a                oqObjectInit
 .text.oqPutTimeout
                0x0000000000000490       0x82 build/obj/hal_queues.o
                0x0000000000000490                oqPutTimeout
 .text.oqGetI   0x0000000000000512       0x5a build/obj/hal_queues.o
                0x0000000000000512                oqGetI
 .text.oqWriteTimeout
                0x000000000000056c       0x9a build/obj/hal_queues.o
                0x000000000000056c                oqWriteTimeout
 .text.gptStart
                0x0000000000000606       0x20 build/obj/hal_gpt.o
                0x0000000000000606                gptStart
 .text.gptStartContinuous
                0x0000000000000626       0x10 build/obj/hal_gpt.o
                0x0000000000000626                gptStartContinuous
 .text._readt   0x0000000000000636        0x6 build/obj/hal_serial.o
 .text._read    0x000000000000063c        0xa build/obj/hal_serial.o
 .text._writet  0x0000000000000646        0x6 build/obj/hal_serial.o
 .text._write   0x000000000000064c        0xa build/obj/hal_serial.o
 .text._gett    0x0000000000000656        0x6 build/obj/hal_serial.o
 .text._get     0x000000000000065c        0xa build/obj/hal_serial.o
 .text._putt    0x0000000000000666        0x6 build/obj/hal_serial.o
 .text._put     0x000000000000066c        0xa build/obj/hal_serial.o
 .text._ctl     0x0000000000000676       0x12 build/obj/hal_serial.o
 .text.sdInit   0x0000000000000688        0x4 build/obj/hal_serial.o
                0x0000000000000688                sdInit
 .text.sdObjectInit
                0x000000000000068c       0x66 build/obj/hal_serial.o
                0x000000000000068c                sdObjectInit
 .text.sdIncomingDataI
                0x00000000000006f2       0x50 build/obj/hal_serial.o
                0x00000000000006f2                sdIncomingDataI
 .text.sdRequestDataI
                0x0000000000000742       0x38 build/obj/hal_serial.o
                0x0000000000000742                sdRequestDataI
 .text.boardInit
                0x000000000000077a        0x8 build/obj/board.o
                0x000000000000077a                boardInit
 .text.hal_lld_init
                0x0000000000000782        0x2 build/obj/hal_lld.o
                0x0000000000000782                hal_lld_init
 .text._pal_lld_init
                0x0000000000000784       0x1c build/obj/hal_pal_lld.o
                0x0000000000000784                _pal_lld_init
 .text._pal_lld_setgroupmode
                0x00000000000007a0       0x48 build/obj/hal_pal_lld.o
                0x00000000000007a0                _pal_lld_setgroupmode
 .text.__vector_11
                0x00000000000007e8       0x5c build/obj/hal_st_lld.o
                0x00000000000007e8                __vector_11
 .text.st_lld_init
                0x0000000000000844       0x2e build/obj/hal_st_lld.o
                0x0000000000000844                st_lld_init
 .text.gpt_lld_start
                0x0000000000000872      0x164 build/obj/hal_gpt_lld.o
                0x0000000000000872                gpt_lld_start
 .text.gpt_lld_start_timer
                0x00000000000009d6       0x7a build/obj/hal_gpt_lld.o
                0x00000000000009d6                gpt_lld_start_timer
 .text.notify1  0x0000000000000a50        0xc build/obj/hal_serial_lld.o
 .text.__vector_18
                0x0000000000000a5c       0x84 build/obj/hal_serial_lld.o
                0x0000000000000a5c                __vector_18
 .text.__vector_19
                0x0000000000000ae0       0x74 build/obj/hal_serial_lld.o
                0x0000000000000ae0                __vector_19
 .text.sd_lld_init
                0x0000000000000b54       0x10 build/obj/hal_serial_lld.o
                0x0000000000000b54                sd_lld_init
 .text.chSysInit
                0x0000000000000b64       0x30 build/obj/chsys.o
                0x0000000000000b64                chSysInit
 .text.chSysTimerHandlerI
                0x0000000000000b94        0x4 build/obj/chsys.o
                0x0000000000000b94                chSysTimerHandlerI
 .text.chRFCUCollectFaultsI
                0x0000000000000b98       0x2a build/obj/chrfcu.o
                0x0000000000000b98                chRFCUCollectFaultsI
 .text.vt_insert_first.constprop.3
                0x0000000000000bc2       0xc8 build/obj/chvt.o
 .text.vt_set_alarm.constprop.4
                0x0000000000000c8a       0x80 build/obj/chvt.o
 .text.vt_enqueue.constprop.2
                0x0000000000000d0a       0xe6 build/obj/chvt.o
 .text.chVTDoSetI
                0x0000000000000df0       0x12 build/obj/chvt.o
                0x0000000000000df0                chVTDoSetI
 .text.chVTDoResetI
                0x0000000000000e02       0xd4 build/obj/chvt.o
                0x0000000000000e02                chVTDoResetI
 .text.chVTDoTickI
                0x0000000000000ed6      0x190 build/obj/chvt.o
                0x0000000000000ed6                chVTDoTickI
 .text.__sch_wakeup
                0x0000000000001066       0xaa build/obj/chschd.o
 .text.chSchReadyI
                0x0000000000001110       0x48 build/obj/chschd.o
                0x0000000000001110                chSchReadyI
 .text.chSchGoSleepS
                0x0000000000001158       0x3a build/obj/chschd.o
                0x0000000000001158                chSchGoSleepS
 .text.chSchGoSleepTimeoutS
                0x0000000000001192       0x76 build/obj/chschd.o
                0x0000000000001192                chSchGoSleepTimeoutS
 .text.chSchIsPreemptionRequired
                0x0000000000001208       0x20 build/obj/chschd.o
                0x0000000000001208                chSchIsPreemptionRequired
 .text.chSchDoPreemption
                0x0000000000001228       0x80 build/obj/chschd.o
                0x0000000000001228                chSchDoPreemption
 .text.__idle_thread
                0x00000000000012a8        0x2 build/obj/chinstances.o
 .text.chInstanceObjectInit
                0x00000000000012aa       0xfe build/obj/chinstances.o
                0x00000000000012aa                chInstanceObjectInit
 .text.__thd_object_init
                0x00000000000013a8       0x5e build/obj/chthreads.o
                0x00000000000013a8                __thd_object_init
 .text.chThdCreateSuspendedI
                0x0000000000001406       0xc2 build/obj/chthreads.o
                0x0000000000001406                chThdCreateSuspendedI
 .text.chThdCreateI
                0x00000000000014c8        0x8 build/obj/chthreads.o
                0x00000000000014c8                chThdCreateI
 .text.chThdExitS
                0x00000000000014d0       0x68 build/obj/chthreads.o
                0x00000000000014d0                chThdExitS
 .text.chThdExit
                0x0000000000001538        0x6 build/obj/chthreads.o
                0x0000000000001538                chThdExit
 .text.chThdQueueObjectInit
                0x000000000000153e        0xc build/obj/chthreads.o
                0x000000000000153e                chThdQueueObjectInit
 .text.chThdEnqueueTimeoutS
                0x000000000000154a       0x3c build/obj/chthreads.o
                0x000000000000154a                chThdEnqueueTimeoutS
 .text.chThdDequeueNextI
                0x0000000000001586       0x34 build/obj/chthreads.o
                0x0000000000001586                chThdDequeueNextI
 .text.chMtxObjectInit
                0x00000000000015ba       0x10 build/obj/chmtx.o
                0x00000000000015ba                chMtxObjectInit
 .text.chEvtObjectInit
                0x00000000000015ca        0x8 build/obj/chevents.o
                0x00000000000015ca                chEvtObjectInit
 .text.chEvtSignalI
                0x00000000000015d2       0x2e build/obj/chevents.o
                0x00000000000015d2                chEvtSignalI
 .text.chEvtBroadcastFlagsI
                0x0000000000001600       0x4c build/obj/chevents.o
                0x0000000000001600                chEvtBroadcastFlagsI
 .text.__core_init
                0x000000000000164c       0x16 build/obj/chmemcore.o
                0x000000000000164c                __core_init
 .text.chCoreAllocFromTop
                0x0000000000001662       0x4a build/obj/chmemcore.o
                0x0000000000001662                chCoreAllocFromTop
 .text.chCoreGetStatusX
                0x00000000000016ac       0x22 build/obj/chmemcore.o
                0x00000000000016ac                chCoreGetStatusX
 .text.__heap_init
                0x00000000000016ce       0x2c build/obj/chmemheaps.o
                0x00000000000016ce                __heap_init
 .text._port_switch
                0x00000000000016fa       0x5e build/obj/chcore.o
                0x00000000000016fa                _port_switch
 .text._port_thread_start
                0x0000000000001758        0xe build/obj/chcore.o
                0x0000000000001758                _port_thread_start
 .text.gpt_cb   0x0000000000001766        0x8 build/obj/main.o
                0x0000000000001766                gpt_cb
 .text.startup.main
                0x000000000000176e       0x52 build/obj/main.o
                0x000000000000176e                main
 .text.avr-libc
                0x00000000000017c0      0x230 /usr/lib/gcc/avr/5.4.0/../../../avr/lib/avr5/libprintf_min.a(vfprintf_min.o)
                0x00000000000017c0                vfprintf
 .text.avr-libc
                0x00000000000019f0      0x3c4 /usr/lib/gcc/avr/5.4.0/../../../avr/lib/avr5/libscanf_min.a(vfscanf_min.o)
                0x0000000000001bac                vfscanf
 .text.libgcc.mul
                0x0000000000001db4       0x20 /usr/lib/gcc/avr/5.4.0/avr5/libgcc.a(_mulsi3.o)
                0x0000000000001db4                __mulsi3
 .text.libgcc.div
                0x0000000000001dd4       0x44 /usr/lib/gcc/avr/5.4.0/avr5/libgcc.a(_udivmodsi4.o)
                0x0000000000001dd4                __udivmodsi4
 .text.libgcc.mul
                0x0000000000001e18       0x16 /usr/lib/gcc/avr/5.4.0/avr5/libgcc.a(_muluhisi3.o)
                0x0000000000001e18                __muluhisi3
 .text.libgcc.prologue
                0x0000000000001e2e       0x38 /usr/lib/gcc/avr/5.4.0/avr5/libgcc.a(_prologue.o)
                0x0000000000001e2e                __prologue_saves__
 .text.libgcc.prologue
                0x0000000000001e66       0x36 /usr/lib/gcc/avr/5.4.0/avr5/libgcc.a(_epilogue.o)
                0x0000000000001e66                __epilogue_restores__
 .text.libgcc.mul
                0x0000000000001e9c       0x1e /usr/lib/gcc/avr/5.4.0/avr5/libgcc.a(_umulhisi3.o)
                0x0000000000001e9c                __umulhisi3
 .text.avr-libc
                0x0000000000001eba       0x12 /usr/lib/gcc/avr/5.4.0/../../../avr/lib/avr5/libc.a(isspace.o)
                0x0000000000001eba                isspace
 .text.avr-libc
                0x0000000000001ecc       0x16 /usr/lib/gcc/avr/5.4.0/../../../avr/lib/avr5/libc.a(strchr_P.o)
                0x0000000000001ecc                strchr_P
 .text.avr-libc
                0x0000000000001ee2       0x12 /usr/lib/gcc/avr/5.4.0/../../../avr/lib/avr5/libc.a(memcpy.o)
                0x0000000000001ee2                memcpy
 .text.avr-libc
                0x0000000000001ef4       0x7c /usr/lib/gcc/avr/5.4.0/../../../avr/lib/avr5/libc.a(fgetc.o)
                0x0000000000001ef4                fgetc
 .text.avr-libc
                0x0000000000001f70       0x78 /usr/lib/gcc/avr/5.4.0/../../../avr/lib/avr5/libc.a(fputc.o)
                0x0000000000001f70                fputc
 .text.avr-libc
                0x0000000000001fe8       0x32 /usr/lib/gcc/avr/5.4.0/../../../avr/lib/avr5/libc.a(ungetc.o)
                0x0000000000001fe8                ungetc
 .text.avr-libc
                0x000000000000201a       0xbc /usr/lib/gcc/avr/5.4.0/../../../avr/lib/avr5/libc.a(ultoa_invert.o)
                0x000000000000201a                __ultoa_invert
 .text.avr-libc
                0x00000000000020d6        0x6 /usr/lib/gcc/avr/5.4.0/../../../avr/lib/avr5/libc.a(cty_isfalse.o)
                0x00000000000020d6                __ctype_isfalse
                0x00000000000020da                __ctype_istrue
                0x00000000000020dc                . = ALIGN (0x2)
 *(.fini9)
 .fini9         0x00000000000020dc        0x0 /usr/lib/gcc/avr/5.4.0/avr5/libgcc.a(_exit.o)
                0x00000000000020dc                exit
                0x00000000000020dc                _exit
 *(.fini9)
 *(.fini8)
 *(.fini8)
 *(.fini7)
 *(.fini7)
 *(.fini6)
 *(.fini6)
 *(.fini5)
 *(.fini5)
 *(.fini4)
 *(.fini4)
 *(.fini3)
 *(.fini3)
 *(.fini2)
 *(.fini2)
 *(.fini1)
 *(.fini1)
 *(.fini0)
 .fini0         0x00000000000020dc        0x4 /usr/lib/gcc/avr/5.4.0/avr5/libgcc.a(_exit.o)
 *(.fini0)
                0x00000000000020e0                _etext = .

.data           0x0000000000800100       0x78 load address 0x00000000000020e0
                0x0000000000800100                PROVIDE (__data_start, .)
 *(.data)
 *(.data*)
 .data.ratio_base
                0x0000000000800100        0xa build/obj/hal_gpt_lld.o
 *(.gnu.linkonce.d*)
 *(.rodata)
 .rodata        0x000000000080010a        0x6 build/obj/main.o
 *(.rodata*)
 .rodata.vmt    0x0000000000800110       0x14 build/obj/hal_serial.o
 .rodata.pal_default_config
                0x0000000000800124        0x6 build/obj/board.o
                0x0000000000800124                pal_default_config
 .rodata.clock_source_base
                0x000000000080012a        0x5 build/obj/hal_gpt_lld.o
 .rodata.regs_table
                0x000000000080012f       0x10 build/obj/hal_gpt_lld.o
                0x000000000080012f                regs_table
 .rodata.str1.1
                0x000000000080013f        0x3 build/obj/chsys.o
 .rodata.ch_core0_cfg
                0x0000000000800142        0x6 build/obj/chsys.o
                0x0000000000800142                ch_core0_cfg
 .rodata.str1.1
                0x0000000000800148        0x5 build/obj/chinstances.o
 .rodata.ch_debug
                0x000000000080014d       0x2b build/obj/chregistry.o
                0x000000000080014d                ch_debug
 *(.gnu.linkonce.r*)
                0x0000000000800178                . = ALIGN (0x2)
                0x0000000000800178                _edata = .
                0x0000000000800178                PROVIDE (__data_end, .)

.bss            0x0000000000800178      0x19d
                0x0000000000800178                PROVIDE (__bss_start, .)
 *(.bss)
 *(.bss*)
 .bss.ch_c0_idle_thread_wa
                0x0000000000800178       0x6b build/obj/chsys.o
 .bss.static_heap.3349
                0x00000000008001e3       0x80 build/obj/chmemcore.o
 .bss.default_heap
                0x0000000000800263       0x12 build/obj/chmemheaps.o
 *(COMMON)
 COMMON         0x0000000000800275        0xa build/obj/hal_gpt_lld.o
                0x0000000000800275                GPTD1
 COMMON         0x000000000080027f       0x49 build/obj/hal_serial_lld.o
                0x000000000080027f                SD1
 COMMON         0x00000000008002c8       0x48 build/obj/chsys.o
                0x00000000008002c8                ch_system
                0x00000000008002cb                ch0
 COMMON         0x0000000000800310        0x4 build/obj/chmemcore.o
                0x0000000000800310                ch_memcore
 COMMON         0x0000000000800314        0x1 build/obj/chcore.o
                0x0000000000800314                __avr_in_isr
                0x0000000000800315                PROVIDE (__bss_end, .)
                0x00000000000020e0                __data_load_start = LOADADDR (.data)
                0x0000000000002158                __data_load_end = (__data_load_start + SIZEOF (.data))

.noinit         0x0000000000800315        0x0
                [!provide]                        PROVIDE (__noinit_start, .)
 *(.noinit*)
                [!provide]                        PROVIDE (__noinit_end, .)
                0x0000000000800315                _end = .
                [!provide]                        PROVIDE (__heap_start, .)

.eeprom         0x0000000000810000        0x0
 *(.eeprom*)
                0x0000000000810000                __eeprom_end = .

.fuse
 *(.fuse)
 *(.lfuse)
 *(.hfuse)
 *(.efuse)

.lock
 *(.lock*)

.signature
 *(.signature*)

.user_signatures
 *(.user_signatures*)

.stab
 *(.stab)

.stabstr
 *(.stabstr)

.stab.excl
 *(.stab.excl)

.stab.exclstr
 *(.stab.exclstr)

.stab.index
 *(.stab.index)

.stab.indexstr
 *(.stab.indexstr)

.comment        0x0000000000000000       0x11
 *(.comment)
 .comment       0x0000000000000000       0x11 build/obj/hal.o
                                         0x12 (size before relaxing)
 .comment       0x0000000000000011       0x12 build/obj/hal_st.o
 .comment       0x0000000000000011       0x12 build/obj/hal_queues.o
 .comment       0x0000000000000011       0x12 build/obj/hal_gpt.o
 .comment       0x0000000000000011       0x12 build/obj/hal_serial.o
 .comment       0x0000000000000011       0x12 build/obj/board.o
 .comment       0x0000000000000011       0x12 build/obj/hal_lld.o
 .comment       0x0000000000000011       0x12 build/obj/hal_pal_lld.o
 .comment       0x0000000000000011       0x12 build/obj/hal_st_lld.o
 .comment       0x0000000000000011       0x12 build/obj/hal_gpt_lld.o
 .comment       0x0000000000000011       0x12 build/obj/hal_serial_lld.o
 .comment       0x0000000000000011       0x12 build/obj/chsys.o
 .comment       0x0000000000000011       0x12 build/obj/chrfcu.o
 .comment       0x0000000000000011       0x12 build/obj/chvt.o
 .comment       0x0000000000000011       0x12 build/obj/chschd.o
 .comment       0x0000000000000011       0x12 build/obj/chinstances.o
 .comment       0x0000000000000011       0x12 build/obj/chthreads.o
 .comment       0x0000000000000011       0x12 build/obj/chregistry.o
 .comment       0x0000000000000011       0x12 build/obj/chmtx.o
 .comment       0x0000000000000011       0x12 build/obj/chevents.o
 .comment       0x0000000000000011       0x12 build/obj/chmemcore.o
 .comment       0x0000000000000011       0x12 build/obj/chmemheaps.o
 .comment       0x0000000000000011       0x12 build/obj/chcore.o
 .comment       0x0000000000000011       0x12 build/obj/main.o
 .comment       0x0000000000000011       0x12 /usr/lib/gcc/avr/5.4.0/../../../avr/lib/avr5/libprintf_min.a(vfprintf_min.o)
 .comment       0x0000000000000011       0x12 /usr/lib/gcc/avr/5.4.0/../../../avr/lib/avr5/libscanf_min.a(vfscanf_min.o)
 .comment       0x0000000000000011       0x12 /usr/lib/gcc/avr/5.4.0/../../../avr/lib/avr5/libc.a(fgetc.o)
 .comment       0x0000000000000011       0x12 /usr/lib/gcc/avr/5.4.0/../../../avr/lib/avr5/libc.a(fputc.o)
 .comment       0x0000000000000011       0x12 /usr/lib/gcc/avr/5.4.0/../../../avr/lib/avr5/libc.a(ungetc.o)

.note.gnu.avr.deviceinfo
                0x0000000000000000       0x40
 .note.gnu.avr.deviceinfo
                0x0000000000000000       0x40 /usr/lib/gcc/avr/5.4.0/../../../avr/lib/avr5/crtatmega328p.o

.note.gnu.build-id
 *(.note.gnu.build-id)

.debug
 *(.debug)

.line
 *(.line)

.debug_srcinfo
 *(.debug_srcinfo)

.debug_sfnames
 *(.debug_sfnames)

.debug_aranges  0x0000000000000000      0x838
 *(.debug_aranges)
 .debug_aranges
                0x0000000000000000       0x20 build/obj/hal.o
 .debug_aranges
                0x0000000000000020       0x50 build/obj/hal_st.o
 .debug_aranges
                0x0000000000000070       0x98 build/obj/hal_queues.o
 .debug_aranges
                0x0000000000000108       0x78 build/obj/hal_gpt.o
 .debug_aranges
                0x0000000000000180       0xa0 build/obj/hal_serial.o
 .debug_aranges
                0x0000000000000220       0x20 build/obj/board.o
 .debug_aranges
                0x0000000000000240       0x20 build/obj/hal_lld.o
 .debug_aranges
                0x0000000000000260       0x48 build/obj/hal_pal_lld.o
 .debug_aranges
                0x00000000000002a8       0x28 build/obj/hal_st_lld.o
 .debug_aranges
                0x00000000000002d0       0x58 build/obj/hal_gpt_lld.o
 .debug_aranges
                0x0000000000000328       0x48 build/obj/hal_serial_lld.o
 .debug_aranges
                0x0000000000000370       0x58 build/obj/chsys.o
 .debug_aranges
                0x00000000000003c8       0x28 build/obj/chrfcu.o
 .debug_aranges
                0x00000000000003f0       0x78 build/obj/chvt.o
 .debug_aranges
                0x0000000000000468       0x68 build/obj/chschd.o
 .debug_aranges
                0x00000000000004d0       0x28 build/obj/chinstances.o
 .debug_aranges
                0x00000000000004f8       0xf8 build/obj/chthreads.o
 .debug_aranges
                0x00000000000005f0       0x38 build/obj/chregistry.o
 .debug_aranges
                0x0000000000000628       0x68 build/obj/chmtx.o
 .debug_aranges
                0x0000000000000690       0xc0 build/obj/chevents.o
 .debug_aranges
                0x0000000000000750       0x48 build/obj/chmemcore.o
 .debug_aranges
                0x0000000000000798       0x50 build/obj/chmemheaps.o
 .debug_aranges
                0x00000000000007e8       0x28 build/obj/chcore.o
 .debug_aranges
                0x0000000000000810       0x28 build/obj/main.o

.debug_pubnames
 *(.debug_pubnames)

.debug_info     0x0000000000000000    0x16aa1
 *(.debug_info .gnu.linkonce.wi.*)
 .debug_info    0x0000000000000000      0x5f4 /usr/lib/gcc/avr/5.4.0/../../../avr/lib/avr5/crtatmega328p.o
 .debug_info    0x00000000000005f4      0x8bd build/obj/hal.o
 .debug_info    0x0000000000000eb1      0x9c4 build/obj/hal_st.o
 .debug_info    0x0000000000001875     0x18b1 build/obj/hal_queues.o
 .debug_info    0x0000000000003126     0x1177 build/obj/hal_gpt.o
 .debug_info    0x000000000000429d     0x18d9 build/obj/hal_serial.o
 .debug_info    0x0000000000005b76      0x841 build/obj/board.o
 .debug_info    0x00000000000063b7      0x7bc build/obj/hal_lld.o
 .debug_info    0x0000000000006b73      0xa7b build/obj/hal_pal_lld.o
 .debug_info    0x00000000000075ee      0x874 build/obj/hal_st_lld.o
 .debug_info    0x0000000000007e62      0xd98 build/obj/hal_gpt_lld.o
 .debug_info    0x0000000000008bfa      0xf9b build/obj/hal_serial_lld.o
 .debug_info    0x0000000000009b95      0xc6e build/obj/chsys.o
 .debug_info    0x000000000000a803      0x828 build/obj/chrfcu.o
 .debug_info    0x000000000000b02b     0x166c build/obj/chvt.o
 .debug_info    0x000000000000c697     0x1162 build/obj/chschd.o
 .debug_info    0x000000000000d7f9      0xdc2 build/obj/chinstances.o
 .debug_info    0x000000000000e5bb     0x2027 build/obj/chthreads.o
 .debug_info    0x00000000000105e2      0xf00 build/obj/chregistry.o
 .debug_info    0x00000000000114e2     0x10e9 build/obj/chmtx.o
 .debug_info    0x00000000000125cb     0x1759 build/obj/chevents.o
 .debug_info    0x0000000000013d24      0xc36 build/obj/chmemcore.o
 .debug_info    0x000000000001495a      0xec7 build/obj/chmemheaps.o
 .debug_info    0x0000000000015821      0x870 build/obj/chcore.o
 .debug_info    0x0000000000016091      0xa10 build/obj/main.o

.debug_abbrev   0x0000000000000000     0x4956
 *(.debug_abbrev)
 .debug_abbrev  0x0000000000000000      0x5a2 /usr/lib/gcc/avr/5.4.0/../../../avr/lib/avr5/crtatmega328p.o
 .debug_abbrev  0x00000000000005a2      0x18b build/obj/hal.o
 .debug_abbrev  0x000000000000072d      0x1fd build/obj/hal_st.o
 .debug_abbrev  0x000000000000092a      0x3bc build/obj/hal_queues.o
 .debug_abbrev  0x0000000000000ce6      0x2fa build/obj/hal_gpt.o
 .debug_abbrev  0x0000000000000fe0      0x414 build/obj/hal_serial.o
 .debug_abbrev  0x00000000000013f4      0x13d build/obj/board.o
 .debug_abbrev  0x0000000000001531      0x11f build/obj/hal_lld.o
 .debug_abbrev  0x0000000000001650      0x1a3 build/obj/hal_pal_lld.o
 .debug_abbrev  0x00000000000017f3      0x188 build/obj/hal_st_lld.o
 .debug_abbrev  0x000000000000197b      0x382 build/obj/hal_gpt_lld.o
 .debug_abbrev  0x0000000000001cfd      0x357 build/obj/hal_serial_lld.o
 .debug_abbrev  0x0000000000002054      0x393 build/obj/chsys.o
 .debug_abbrev  0x00000000000023e7      0x177 build/obj/chrfcu.o
 .debug_abbrev  0x000000000000255e      0x3c9 build/obj/chvt.o
 .debug_abbrev  0x0000000000002927      0x384 build/obj/chschd.o
 .debug_abbrev  0x0000000000002cab      0x2fa build/obj/chinstances.o
 .debug_abbrev  0x0000000000002fa5      0x487 build/obj/chthreads.o
 .debug_abbrev  0x000000000000342c      0x31e build/obj/chregistry.o
 .debug_abbrev  0x000000000000374a      0x41e build/obj/chmtx.o
 .debug_abbrev  0x0000000000003b68      0x468 build/obj/chevents.o
 .debug_abbrev  0x0000000000003fd0      0x28d build/obj/chmemcore.o
 .debug_abbrev  0x000000000000425d      0x376 build/obj/chmemheaps.o
 .debug_abbrev  0x00000000000045d3      0x19d build/obj/chcore.o
 .debug_abbrev  0x0000000000004770      0x1e6 build/obj/main.o

.debug_line     0x0000000000000000     0x5e4e
 *(.debug_line .debug_line.* .debug_line_end)
 .debug_line    0x0000000000000000       0x1a /usr/lib/gcc/avr/5.4.0/../../../avr/lib/avr5/crtatmega328p.o
 .debug_line    0x000000000000001a      0x265 build/obj/hal.o
 .debug_line    0x000000000000027f      0x250 build/obj/hal_st.o
 .debug_line    0x00000000000004cf      0x76f build/obj/hal_queues.o
 .debug_line    0x0000000000000c3e      0x3b3 build/obj/hal_gpt.o
 .debug_line    0x0000000000000ff1      0x4e1 build/obj/hal_serial.o
 .debug_line    0x00000000000014d2      0x1a7 build/obj/board.o
 .debug_line    0x0000000000001679      0x167 build/obj/hal_lld.o
 .debug_line    0x00000000000017e0      0x270 build/obj/hal_pal_lld.o
 .debug_line    0x0000000000001a50      0x20d build/obj/hal_st_lld.o
 .debug_line    0x0000000000001c5d      0x38d build/obj/hal_gpt_lld.o
 .debug_line    0x0000000000001fea      0x38c build/obj/hal_serial_lld.o
 .debug_line    0x0000000000002376      0x417 build/obj/chsys.o
 .debug_line    0x000000000000278d      0x180 build/obj/chrfcu.o
 .debug_line    0x000000000000290d      0x688 build/obj/chvt.o
 .debug_line    0x0000000000002f95      0x529 build/obj/chschd.o
 .debug_line    0x00000000000034be      0x278 build/obj/chinstances.o
 .debug_line    0x0000000000003736      0x9bc build/obj/chthreads.o
 .debug_line    0x00000000000040f2      0x320 build/obj/chregistry.o
 .debug_line    0x0000000000004412      0x600 build/obj/chmtx.o
 .debug_line    0x0000000000004a12      0x749 build/obj/chevents.o
 .debug_line    0x000000000000515b      0x33e build/obj/chmemcore.o
 .debug_line    0x0000000000005499      0x502 build/obj/chmemheaps.o
 .debug_line    0x000000000000599b      0x294 build/obj/chcore.o
 .debug_line    0x0000000000005c2f      0x21f build/obj/main.o

.debug_frame    0x0000000000000000     0x17a8
 *(.debug_frame)
 .debug_frame   0x0000000000000000       0x24 build/obj/hal.o
 .debug_frame   0x0000000000000024       0x84 build/obj/hal_st.o
 .debug_frame   0x00000000000000a8      0x33c build/obj/hal_queues.o
 .debug_frame   0x00000000000003e4       0xf8 build/obj/hal_gpt.o
 .debug_frame   0x00000000000004dc      0x1a8 build/obj/hal_serial.o
 .debug_frame   0x0000000000000684       0x24 build/obj/board.o
 .debug_frame   0x00000000000006a8       0x24 build/obj/hal_lld.o
 .debug_frame   0x00000000000006cc       0x74 build/obj/hal_pal_lld.o
 .debug_frame   0x0000000000000740       0x88 build/obj/hal_st_lld.o
 .debug_frame   0x00000000000007c8      0x16c build/obj/hal_gpt_lld.o
 .debug_frame   0x0000000000000934      0x11c build/obj/hal_serial_lld.o
 .debug_frame   0x0000000000000a50       0xa0 build/obj/chsys.o
 .debug_frame   0x0000000000000af0       0x64 build/obj/chrfcu.o
 .debug_frame   0x0000000000000b54      0x200 build/obj/chvt.o
 .debug_frame   0x0000000000000d54      0x13c build/obj/chschd.o
 .debug_frame   0x0000000000000e90       0x64 build/obj/chinstances.o
 .debug_frame   0x0000000000000ef4      0x2b4 build/obj/chthreads.o
 .debug_frame   0x00000000000011a8       0x6c build/obj/chregistry.o
 .debug_frame   0x0000000000001214       0xfc build/obj/chmtx.o
 .debug_frame   0x0000000000001310      0x24c build/obj/chevents.o
 .debug_frame   0x000000000000155c       0x74 build/obj/chmemcore.o
 .debug_frame   0x00000000000015d0      0x15c build/obj/chmemheaps.o
 .debug_frame   0x000000000000172c       0x34 build/obj/chcore.o
 .debug_frame   0x0000000000001760       0x48 build/obj/main.o

.debug_str      0x0000000000000000     0x22cf
 *(.debug_str)
 .debug_str     0x0000000000000000      0x208 /usr/lib/gcc/avr/5.4.0/../../../avr/lib/avr5/crtatmega328p.o
 .debug_str     0x0000000000000208      0x4cf build/obj/hal.o
                                        0x59d (size before relaxing)
 .debug_str     0x00000000000006d7       0xf7 build/obj/hal_st.o
                                        0x602 (size before relaxing)
 .debug_str     0x00000000000007ce      0x27a build/obj/hal_queues.o
                                        0x78c (size before relaxing)
 .debug_str     0x0000000000000a48      0x1d2 build/obj/hal_gpt.o
                                        0x731 (size before relaxing)
 .debug_str     0x0000000000000c1a      0x264 build/obj/hal_serial.o
                                        0x916 (size before relaxing)
 .debug_str     0x0000000000000e7e       0x2b build/obj/board.o
                                        0x574 (size before relaxing)
 .debug_str     0x0000000000000ea9       0x32 build/obj/hal_lld.o
                                        0x53e (size before relaxing)
 .debug_str     0x0000000000000edb      0x114 build/obj/hal_pal_lld.o
                                        0x661 (size before relaxing)
 .debug_str     0x0000000000000fef      0x10d build/obj/hal_st_lld.o
                                        0x618 (size before relaxing)
 .debug_str     0x00000000000010fc      0x10b build/obj/hal_gpt_lld.o
                                        0x757 (size before relaxing)
 .debug_str     0x0000000000001207       0x87 build/obj/hal_serial_lld.o
                                        0x88b (size before relaxing)
 .debug_str     0x000000000000128e      0x1c3 build/obj/chsys.o
                                        0x778 (size before relaxing)
 .debug_str     0x0000000000001451       0x4a build/obj/chrfcu.o
                                        0x549 (size before relaxing)
 .debug_str     0x000000000000149b      0x24b build/obj/chvt.o
                                        0x81e (size before relaxing)
 .debug_str     0x00000000000016e6      0x16a build/obj/chschd.o
                                        0x740 (size before relaxing)
 .debug_str     0x0000000000001850      0x2b3 build/obj/chinstances.o
                                        0x898 (size before relaxing)
 .debug_str     0x0000000000001b03      0x237 build/obj/chthreads.o
                                        0x907 (size before relaxing)
 .debug_str     0x0000000000001d3a       0x8b build/obj/chregistry.o
                                        0x7d3 (size before relaxing)
 .debug_str     0x0000000000001dc5       0xcd build/obj/chmtx.o
                                        0x68f (size before relaxing)
 .debug_str     0x0000000000001e92      0x1b7 build/obj/chevents.o
                                        0x7d5 (size before relaxing)
 .debug_str     0x0000000000002049       0xc7 build/obj/chmemcore.o
                                        0x61f (size before relaxing)
 .debug_str     0x0000000000002110      0x160 build/obj/chmemheaps.o
                                        0x6e9 (size before relaxing)
 .debug_str     0x0000000000002270       0x39 build/obj/chcore.o
                                        0x566 (size before relaxing)
 .debug_str     0x00000000000022a9       0x26 build/obj/main.o
                                        0x62e (size before relaxing)

.debug_loc      0x0000000000000000     0x7676
 *(.debug_loc)
 .debug_loc     0x0000000000000000       0x7c build/obj/hal_st.o
 .debug_loc     0x000000000000007c     0x14d5 build/obj/hal_queues.o
 .debug_loc     0x0000000000001551      0x3b5 build/obj/hal_gpt.o
 .debug_loc     0x0000000000001906      0x9b8 build/obj/hal_serial.o
 .debug_loc     0x00000000000022be      0x135 build/obj/hal_pal_lld.o
 .debug_loc     0x00000000000023f3       0xcb build/obj/hal_st_lld.o
 .debug_loc     0x00000000000024be      0x452 build/obj/hal_gpt_lld.o
 .debug_loc     0x0000000000002910      0x39f build/obj/hal_serial_lld.o
 .debug_loc     0x0000000000002caf      0x1ee build/obj/chsys.o
 .debug_loc     0x0000000000002e9d       0xbe build/obj/chrfcu.o
 .debug_loc     0x0000000000002f5b      0xc1e build/obj/chvt.o
 .debug_loc     0x0000000000003b79      0x649 build/obj/chschd.o
 .debug_loc     0x00000000000041c2      0x1bd build/obj/chinstances.o
 .debug_loc     0x000000000000437f     0x1027 build/obj/chthreads.o
 .debug_loc     0x00000000000053a6      0x33f build/obj/chregistry.o
 .debug_loc     0x00000000000056e5      0x56a build/obj/chmtx.o
 .debug_loc     0x0000000000005c4f      0x981 build/obj/chevents.o
 .debug_loc     0x00000000000065d0      0x4cd build/obj/chmemcore.o
 .debug_loc     0x0000000000006a9d      0xb6b build/obj/chmemheaps.o
 .debug_loc     0x0000000000007608       0x6e build/obj/main.o

.debug_macinfo
 *(.debug_macinfo)

.debug_weaknames
 *(.debug_weaknames)

.debug_funcnames
 *(.debug_funcnames)

.debug_typenames
 *(.debug_typenames)

.debug_varnames
 *(.debug_varnames)

.debug_pubtypes
 *(.debug_pubtypes)

.debug_ranges   0x0000000000000000      0xab8
 *(.debug_ranges)
 .debug_ranges  0x0000000000000000       0x10 build/obj/hal.o
 .debug_ranges  0x0000000000000010       0x40 build/obj/hal_st.o
 .debug_ranges  0x0000000000000050      0x118 build/obj/hal_queues.o
 .debug_ranges  0x0000000000000168       0x68 build/obj/hal_gpt.o
 .debug_ranges  0x00000000000001d0       0xc0 build/obj/hal_serial.o
 .debug_ranges  0x0000000000000290       0x10 build/obj/board.o
 .debug_ranges  0x00000000000002a0       0x10 build/obj/hal_lld.o
 .debug_ranges  0x00000000000002b0       0x38 build/obj/hal_pal_lld.o
 .debug_ranges  0x00000000000002e8       0x18 build/obj/hal_st_lld.o
 .debug_ranges  0x0000000000000300       0x90 build/obj/hal_gpt_lld.o
 .debug_ranges  0x0000000000000390       0x68 build/obj/hal_serial_lld.o
 .debug_ranges  0x00000000000003f8       0x90 build/obj/chsys.o
 .debug_ranges  0x0000000000000488       0x18 build/obj/chrfcu.o
 .debug_ranges  0x00000000000004a0      0x120 build/obj/chvt.o
 .debug_ranges  0x00000000000005c0       0x58 build/obj/chschd.o
 .debug_ranges  0x0000000000000618       0x18 build/obj/chinstances.o
 .debug_ranges  0x0000000000000630      0x130 build/obj/chthreads.o
 .debug_ranges  0x0000000000000760       0x88 build/obj/chregistry.o
 .debug_ranges  0x00000000000007e8       0xe8 build/obj/chmtx.o
 .debug_ranges  0x00000000000008d0       0xc8 build/obj/chevents.o
 .debug_ranges  0x0000000000000998       0x98 build/obj/chmemcore.o
 .debug_ranges  0x0000000000000a30       0x58 build/obj/chmemheaps.o
 .debug_ranges  0x0000000000000a88       0x18 build/obj/chcore.o
 .debug_ranges  0x0000000000000aa0       0x18 build/obj/main.o

.debug_macro
 *(.debug_macro)
OUTPUT(build/ch.elf elf32-avr)
LOAD linker stubs

Cross Reference Table

Symbol                                            File
GPTD1                                             build/obj/hal_gpt_lld.o
                                                  build/obj/main.o
SD1                                               build/obj/hal_serial_lld.o
__DATA_REGION_LENGTH__                            /usr/lib/gcc/avr/5.4.0/../../../avr/lib/avr5/crtatmega328p.o
__DATA_REGION_ORIGIN__                            /usr/lib/gcc/avr/5.4.0/../../../avr/lib/avr5/crtatmega328p.o
__EEPROM_REGION_LENGTH__                          /usr/lib/gcc/avr/5.4.0/../../../avr/lib/avr5/crtatmega328p.o
__FUSE_REGION_LENGTH__                            /usr/lib/gcc/avr/5.4.0/../../../avr/lib/avr5/crtatmega328p.o
__TEXT_REGION_LENGTH__                            /usr/lib/gcc/avr/5.4.0/../../../avr/lib/avr5/crtatmega328p.o
__adddi3                                          /usr/lib/gcc/avr/5.4.0/avr5/libgcc.a(_adddi3.o)
                                                  build/obj/chvt.o
__avr_in_isr                                      build/obj/chcore.o
                                                  build/obj/chinstances.o
                                                  build/obj/chsys.o
                                                  build/obj/hal_serial_lld.o
                                                  build/obj/hal_gpt_lld.o
                                                  build/obj/hal_st_lld.o
__bad_interrupt                                   /usr/lib/gcc/avr/5.4.0/../../../avr/lib/avr5/crtatmega328p.o
__bss_end                                         /usr/lib/gcc/avr/5.4.0/avr5/libgcc.a(_clear_bss.o)
__bss_start                                       /usr/lib/gcc/avr/5.4.0/avr5/libgcc.a(_clear_bss.o)
__ch_delegate_fn0                                 build/obj/chdelegates.o
__ch_delegate_fn1                                 build/obj/chdelegates.o
__ch_delegate_fn2                                 build/obj/chdelegates.o
__ch_delegate_fn3                                 build/obj/chdelegates.o
__ch_delegate_fn4                                 build/obj/chdelegates.o
__ch_mem_executable_areas                         build/obj/chmemchecks.o
__ch_mem_readable_areas                           build/obj/chmemchecks.o
__ch_mem_writable_areas                           build/obj/chmemchecks.o
__core_init                                       build/obj/chmemcore.o
                                                  build/obj/chsys.o
__ctype_isfalse                                   /usr/lib/gcc/avr/5.4.0/../../../avr/lib/avr5/libc.a(cty_isfalse.o)
                                                  /usr/lib/gcc/avr/5.4.0/../../../avr/lib/avr5/libc.a(isspace.o)
__ctype_istrue                                    /usr/lib/gcc/avr/5.4.0/../../../avr/lib/avr5/libc.a(cty_isfalse.o)
__data_end                                        /usr/lib/gcc/avr/5.4.0/avr5/libgcc.a(_copy_data.o)
__data_load_start                                 /usr/lib/gcc/avr/5.4.0/avr5/libgcc.a(_copy_data.o)
__data_start                                      /usr/lib/gcc/avr/5.4.0/avr5/libgcc.a(_copy_data.o)
__do_clear_bss                                    /usr/lib/gcc/avr/5.4.0/avr5/libgcc.a(_clear_bss.o)
                                                  build/obj/chcore.o
                                                  build/obj/chmemheaps.o
                                                  build/obj/chmemcore.o
                                                  build/obj/chsys.o
                                                  build/obj/hal_serial_lld.o
                                                  build/obj/hal_gpt_lld.o
__do_copy_data                                    /usr/lib/gcc/avr/5.4.0/avr5/libgcc.a(_copy_data.o)
                                                  build/obj/main.o
                                                  build/obj/chmemchecks.o
                                                  build/obj/chregistry.o
                                                  build/obj/chthreads.o
                                                  build/obj/chinstances.o
                                                  build/obj/chsys.o
                                                  build/obj/hal_serial_lld.o
                                                  build/obj/hal_gpt_lld.o
                                                  build/obj/board.o
                                                  build/obj/hal_serial.o
__epilogue_restores__                             /usr/lib/gcc/avr/5.4.0/avr5/libgcc.a(_epilogue.o)
                                                  /usr/lib/gcc/avr/5.4.0/../../../avr/lib/avr5/libscanf_min.a(vfscanf_min.o)
                                                  /usr/lib/gcc/avr/5.4.0/../../../avr/lib/avr5/libprintf_min.a(vfprintf_min.o)
__heap_end                                        /usr/lib/gcc/avr/5.4.0/../../../avr/lib/avr5/crtatmega328p.o
__heap_init                                       build/obj/chmemheaps.o
                                                  build/obj/chsys.o
__init                                            /usr/lib/gcc/avr/5.4.0/../../../avr/lib/avr5/crtatmega328p.o
__mulsi3                                          /usr/lib/gcc/avr/5.4.0/avr5/libgcc.a(_mulsi3.o)
                                                  build/obj/hal_gpt_lld.o
                                                  build/obj/hal_flash.o
__muluhisi3                                       /usr/lib/gcc/avr/5.4.0/avr5/libgcc.a(_muluhisi3.o)
                                                  /usr/lib/gcc/avr/5.4.0/avr5/libgcc.a(_mulsi3.o)
                                                  build/obj/hal_flash.o
__prologue_saves__                                /usr/lib/gcc/avr/5.4.0/avr5/libgcc.a(_prologue.o)
                                                  /usr/lib/gcc/avr/5.4.0/../../../avr/lib/avr5/libscanf_min.a(vfscanf_min.o)
                                                  /usr/lib/gcc/avr/5.4.0/../../../avr/lib/avr5/libprintf_min.a(vfprintf_min.o)
__stack                                           /usr/lib/gcc/avr/5.4.0/../../../avr/lib/avr5/crtatmega328p.o
__thd_object_init                                 build/obj/chthreads.o
                                                  build/obj/chinstances.o
__udivmodsi4                                      /usr/lib/gcc/avr/5.4.0/avr5/libgcc.a(_udivmodsi4.o)
                                                  build/obj/hal_gpt_lld.o
                                                  build/obj/hal_flash.o
__ultoa_invert                                    /usr/lib/gcc/avr/5.4.0/../../../avr/lib/avr5/libc.a(ultoa_invert.o)
                                                  /usr/lib/gcc/avr/5.4.0/../../../avr/lib/avr5/libprintf_min.a(vfprintf_min.o)
__umulhisi3                                       /usr/lib/gcc/avr/5.4.0/avr5/libgcc.a(_umulhisi3.o)
                                                  /usr/lib/gcc/avr/5.4.0/avr5/libgcc.a(_muluhisi3.o)
__vector_1                                        /usr/lib/gcc/avr/5.4.0/../../../avr/lib/avr5/crtatmega328p.o
__vector_10                                       /usr/lib/gcc/avr/5.4.0/../../../avr/lib/avr5/crtatmega328p.o
__vector_11                                       build/obj/hal_gpt_lld.o
                                                  build/obj/hal_st_lld.o
                                                  /usr/lib/gcc/avr/5.4.0/../../../avr/lib/avr5/crtatmega328p.o
__vector_12                                       /usr/lib/gcc/avr/5.4.0/../../../avr/lib/avr5/crtatmega328p.o
__vector_13                                       /usr/lib/gcc/avr/5.4.0/../../../avr/lib/avr5/crtatmega328p.o
__vector_14                                       /usr/lib/gcc/avr/5.4.0/../../../avr/lib/avr5/crtatmega328p.o
__vector_15                                       /usr/lib/gcc/avr/5.4.0/../../../avr/lib/avr5/crtatmega328p.o
__vector_16                                       /usr/lib/gcc/avr/5.4.0/../../../avr/lib/avr5/crtatmega328p.o
__vector_17                                       /usr/lib/gcc/avr/5.4.0/../../../avr/lib/avr5/crtatmega328p.o
__vector_18                                       build/obj/hal_serial_lld.o
                                                  /usr/lib/gcc/avr/5.4.0/../../../avr/lib/avr5/crtatmega328p.o
__vector_19                                       build/obj/hal_serial_lld.o
                                                  /usr/lib/gcc/avr/5.4.0/../../../avr/lib/avr5/crtatmega328p.o
__vector_2                                        /usr/lib/gcc/avr/5.4.0/../../../avr/lib/avr5/crtatmega328p.o
__vector_20                                       /usr/lib/gcc/avr/5.4.0/../../../avr/lib/avr5/crtatmega328p.o
__vector_21                                       /usr/lib/gcc/avr/5.4.0/../../../avr/lib/avr5/crtatmega328p.o
__vector_22                                       /usr/lib/gcc/avr/5.4.0/../../../avr/lib/avr5/crtatmega328p.o
__vector_23                                       /usr/lib/gcc/avr/5.4.0/../../../avr/lib/avr5/crtatmega328p.o
__vector_24                                       /usr/lib/gcc/avr/5.4.0/../../../avr/lib/avr5/crtatmega328p.o
__vector_25                                       /usr/lib/gcc/avr/5.4.0/../../../avr/lib/avr5/crtatmega328p.o
__vector_3                                        /usr/lib/gcc/avr/5.4.0/../../../avr/lib/avr5/crtatmega328p.o
__vector_4                                        /usr/lib/gcc/avr/5.4.0/../../../avr/lib/avr5/crtatmega328p.o
__vector_5                                        /usr/lib/gcc/avr/5.4.0/../../../avr/lib/avr5/crtatmega328p.o
__vector_6                                        /usr/lib/gcc/avr/5.4.0/../../../avr/lib/avr5/crtatmega328p.o
__vector_7                                        /usr/lib/gcc/avr/5.4.0/../../../avr/lib/avr5/crtatmega328p.o
__vector_8                                        /usr/lib/gcc/avr/5.4.0/../../../avr/lib/avr5/crtatmega328p.o
__vector_9                                        /usr/lib/gcc/avr/5.4.0/../../../avr/lib/avr5/crtatmega328p.o
__vector_default                                  /usr/lib/gcc/avr/5.4.0/../../../avr/lib/avr5/crtatmega328p.o
__vectors                                         /usr/lib/gcc/avr/5.4.0/../../../avr/lib/avr5/crtatmega328p.o
_exit                                             /usr/lib/gcc/avr/5.4.0/avr5/libgcc.a(_exit.o)
_pal_lld_enablepadevent                           build/obj/hal_pal_lld.o
_pal_lld_getpadfromline                           build/obj/hal_pal_lld.o
_pal_lld_getportfromline                          build/obj/hal_pal_lld.o
_pal_lld_init                                     build/obj/hal_pal_lld.o
                                                  build/obj/hal.o
_pal_lld_setgroupmode                             build/obj/hal_pal_lld.o
                                                  build/obj/main.o
                                                  build/obj/hal_pal.o
_pal_lld_setlineid                                build/obj/hal_pal_lld.o
_port_switch                                      build/obj/chcore.o
                                                  build/obj/chschd.o
_port_thread_start                                build/obj/chcore.o
                                                  build/obj/chthreads.o
boardInit                                         build/obj/board.o
                                                  build/obj/hal.o
bsIncomingDataI                                   build/obj/hal_buffered_serial.o
bsRequestDataI                                    build/obj/hal_buffered_serial.o
ch0                                               build/obj/chsys.o
                                                  build/obj/chmsg.o
                                                  build/obj/chevents.o
                                                  build/obj/chcond.o
                                                  build/obj/chmtx.o
                                                  build/obj/chsem.o
                                                  build/obj/chregistry.o
                                                  build/obj/chthreads.o
                                                  build/obj/chschd.o
                                                  build/obj/chvt.o
                                                  build/obj/chrfcu.o
chCacheGetObject                                  build/obj/chobjcaches.o
chCacheObjectInit                                 build/obj/chobjcaches.o
chCacheReadObject                                 build/obj/chobjcaches.o
chCacheReleaseObjectI                             build/obj/chobjcaches.o
chCacheWriteObject                                build/obj/chobjcaches.o
chCondBroadcast                                   build/obj/chcond.o
chCondBroadcastI                                  build/obj/chcond.o
chCondObjectDispose                               build/obj/chcond.o
chCondObjectInit                                  build/obj/chcond.o
chCondSignal                                      build/obj/chcond.o
chCondSignalI                                     build/obj/chcond.o
chCondWait                                        build/obj/chcond.o
chCondWaitS                                       build/obj/chcond.o
chCondWaitTimeout                                 build/obj/chcond.o
chCondWaitTimeoutS                                build/obj/chcond.o
chCoreAllocFromBase                               build/obj/chmemcore.o
chCoreAllocFromBaseI                              build/obj/chmemcore.o
chCoreAllocFromTop                                build/obj/chmemcore.o
                                                  build/obj/chmemheaps.o
chCoreAllocFromTopI                               build/obj/chmemcore.o
chCoreGetStatusX                                  build/obj/chmemcore.o
                                                  build/obj/chmemheaps.o
chDelegateCallVeneer                              build/obj/chdelegates.o
chDelegateDispatch                                build/obj/chdelegates.o
chDelegateDispatchTimeout                         build/obj/chdelegates.o
chEvtAddEvents                                    build/obj/chevents.o
chEvtBroadcastFlags                               build/obj/chevents.o
chEvtBroadcastFlagsI                              build/obj/chevents.o
                                                  build/obj/hal_serial_lld.o
                                                  build/obj/hal_serial.o
                                                  build/obj/hal_buffered_serial.o
chEvtDispatch                                     build/obj/chevents.o
chEvtGetAndClearEvents                            build/obj/chevents.o
chEvtGetAndClearEventsI                           build/obj/chevents.o
chEvtGetAndClearFlags                             build/obj/chevents.o
chEvtGetAndClearFlagsI                            build/obj/chevents.o
chEvtObjectDispose                                build/obj/chevents.o
chEvtObjectInit                                   build/obj/chevents.o
                                                  build/obj/hal_serial.o
chEvtRegisterMaskWithFlags                        build/obj/chevents.o
chEvtRegisterMaskWithFlagsI                       build/obj/chevents.o
chEvtSignal                                       build/obj/chevents.o
chEvtSignalI                                      build/obj/chevents.o
chEvtUnregister                                   build/obj/chevents.o
chEvtWaitAll                                      build/obj/chevents.o
chEvtWaitAllTimeout                               build/obj/chevents.o
chEvtWaitAny                                      build/obj/chevents.o
chEvtWaitAnyTimeout                               build/obj/chevents.o
chEvtWaitOne                                      build/obj/chevents.o
chEvtWaitOneTimeout                               build/obj/chevents.o
chGuardedPoolAllocTimeout                         build/obj/chmempools.o
chGuardedPoolAllocTimeoutS                        build/obj/chmempools.o
chGuardedPoolFree                                 build/obj/chmempools.o
chGuardedPoolLoadArray                            build/obj/chmempools.o
chGuardedPoolObjectDispose                        build/obj/chmempools.o
chGuardedPoolObjectInitAligned                    build/obj/chmempools.o
chHeapAllocAligned                                build/obj/chmemheaps.o
chHeapFree                                        build/obj/chmemheaps.o
chHeapIntegrityCheck                              build/obj/chmemheaps.o
chHeapObjectDispose                               build/obj/chmemheaps.o
chHeapObjectInit                                  build/obj/chmemheaps.o
chHeapStatus                                      build/obj/chmemheaps.o
chInstanceObjectInit                              build/obj/chinstances.o
                                                  build/obj/chsys.o
chMBFetchI                                        build/obj/chmboxes.o
chMBFetchTimeout                                  build/obj/chmboxes.o
chMBFetchTimeoutS                                 build/obj/chmboxes.o
chMBObjectDispose                                 build/obj/chmboxes.o
chMBObjectInit                                    build/obj/chmboxes.o
chMBPostAheadI                                    build/obj/chmboxes.o
chMBPostAheadTimeout                              build/obj/chmboxes.o
chMBPostAheadTimeoutS                             build/obj/chmboxes.o
chMBPostI                                         build/obj/chmboxes.o
chMBPostTimeout                                   build/obj/chmboxes.o
chMBPostTimeoutS                                  build/obj/chmboxes.o
chMBReset                                         build/obj/chmboxes.o
chMBResetI                                        build/obj/chmboxes.o
chMemIsAddressExecutableX                         build/obj/chmemchecks.o
                                                  build/obj/chmemheaps.o
chMemIsPointersArrayWithinX                       build/obj/chmemchecks.o
chMemIsSpaceContainedX                            build/obj/chmemchecks.o
chMemIsSpaceReadableX                             build/obj/chmemchecks.o
chMemIsSpaceWritableX                             build/obj/chmemchecks.o
chMemIsStringWithinX                              build/obj/chmemchecks.o
chMsgPollS                                        build/obj/chmsg.o
chMsgRelease                                      build/obj/chmsg.o
                                                  build/obj/chdelegates.o
chMsgSend                                         build/obj/chmsg.o
                                                  build/obj/chdelegates.o
chMsgWaitS                                        build/obj/chmsg.o
                                                  build/obj/chdelegates.o
chMsgWaitTimeoutS                                 build/obj/chmsg.o
                                                  build/obj/chdelegates.o
chMtxLock                                         build/obj/chmtx.o
                                                  build/obj/chpipes.o
                                                  build/obj/chmemheaps.o
chMtxLockS                                        build/obj/chmtx.o
                                                  build/obj/chcond.o
chMtxObjectDispose                                build/obj/chmtx.o
chMtxObjectInit                                   build/obj/chmtx.o
                                                  build/obj/chpipes.o
                                                  build/obj/chmemheaps.o
chMtxTryLock                                      build/obj/chmtx.o
chMtxTryLockS                                     build/obj/chmtx.o
chMtxUnlock                                       build/obj/chmtx.o
                                                  build/obj/chpipes.o
                                                  build/obj/chmemheaps.o
chMtxUnlockAll                                    build/obj/chmtx.o
chMtxUnlockAllS                                   build/obj/chmtx.o
chMtxUnlockS                                      build/obj/chmtx.o
                                                  build/obj/chcond.o
chPipeObjectInit                                  build/obj/chpipes.o
chPipeReadTimeout                                 build/obj/chpipes.o
chPipeReset                                       build/obj/chpipes.o
chPipeWriteTimeout                                build/obj/chpipes.o
chPoolAlloc                                       build/obj/chmempools.o
chPoolAllocI                                      build/obj/chmempools.o
chPoolFree                                        build/obj/chmempools.o
chPoolFreeI                                       build/obj/chmempools.o
chPoolLoadArray                                   build/obj/chmempools.o
chPoolObjectDispose                               build/obj/chmempools.o
chPoolObjectInitAligned                           build/obj/chmempools.o
chRFCUCollectFaultsI                              build/obj/chrfcu.o
                                                  build/obj/chvt.o
chRFCUGetAndClearFaultsI                          build/obj/chrfcu.o
chRegFindThreadByName                             build/obj/chregistry.o
chRegFindThreadByPointer                          build/obj/chregistry.o
chRegFirstThread                                  build/obj/chregistry.o
chRegNextThread                                   build/obj/chregistry.o
chSchDoPreemption                                 build/obj/chschd.o
                                                  build/obj/hal_serial_lld.o
                                                  build/obj/hal_gpt_lld.o
                                                  build/obj/hal_st_lld.o
chSchDoYieldS                                     build/obj/chschd.o
                                                  build/obj/chthreads.o
chSchGoSleepS                                     build/obj/chschd.o
                                                  build/obj/chmsg.o
                                                  build/obj/chevents.o
                                                  build/obj/chcond.o
                                                  build/obj/chmtx.o
                                                  build/obj/chsem.o
                                                  build/obj/chthreads.o
chSchGoSleepTimeoutS                              build/obj/chschd.o
                                                  build/obj/chmsg.o
                                                  build/obj/chevents.o
                                                  build/obj/chcond.o
                                                  build/obj/chsem.o
                                                  build/obj/chthreads.o
chSchIsPreemptionRequired                         build/obj/chschd.o
                                                  build/obj/hal_serial_lld.o
                                                  build/obj/hal_gpt_lld.o
                                                  build/obj/hal_st_lld.o
chSchPreemption                                   build/obj/chschd.o
chSchReadyI                                       build/obj/chschd.o
                                                  build/obj/chmsg.o
                                                  build/obj/chevents.o
                                                  build/obj/chcond.o
                                                  build/obj/chmtx.o
                                                  build/obj/chsem.o
                                                  build/obj/chthreads.o
chSchRescheduleS                                  build/obj/chschd.o
                                                  build/obj/chpipes.o
                                                  build/obj/chmempools.o
                                                  build/obj/chmboxes.o
                                                  build/obj/chevents.o
                                                  build/obj/chcond.o
                                                  build/obj/chmtx.o
                                                  build/obj/chsem.o
                                                  build/obj/chthreads.o
                                                  build/obj/chsys.o
                                                  build/obj/hal_serial.o
chSchSelectFirst                                  build/obj/chschd.o
chSchWakeupS                                      build/obj/chschd.o
                                                  build/obj/chmsg.o
                                                  build/obj/chcond.o
                                                  build/obj/chsem.o
                                                  build/obj/chthreads.o
chSemAddCounterI                                  build/obj/chsem.o
chSemObjectDispose                                build/obj/chsem.o
                                                  build/obj/chmempools.o
chSemObjectInit                                   build/obj/chsem.o
                                                  build/obj/chobjcaches.o
                                                  build/obj/chmempools.o
chSemResetWithMessage                             build/obj/chsem.o
chSemResetWithMessageI                            build/obj/chsem.o
chSemSignal                                       build/obj/chsem.o
chSemSignalI                                      build/obj/chsem.o
                                                  build/obj/chobjcaches.o
                                                  build/obj/chmempools.o
chSemSignalWait                                   build/obj/chsem.o
chSemWait                                         build/obj/chsem.o
chSemWaitS                                        build/obj/chsem.o
                                                  build/obj/chobjcaches.o
chSemWaitTimeout                                  build/obj/chsem.o
chSemWaitTimeoutS                                 build/obj/chsem.o
                                                  build/obj/chmempools.o
chSysGetIdleThreadX                               build/obj/chsys.o
chSysGetStatusAndLockX                            build/obj/chsys.o
chSysHalt                                         build/obj/chsys.o
chSysInit                                         build/obj/chsys.o
                                                  build/obj/main.o
chSysIntegrityCheckI                              build/obj/chsys.o
chSysRestoreStatusX                               build/obj/chsys.o
chSysTimerHandlerI                                build/obj/chsys.o
                                                  build/obj/hal_st_lld.o
chSysWaitSystemState                              build/obj/chsys.o
chThdAddRef                                       build/obj/chthreads.o
chThdCreate                                       build/obj/chthreads.o
chThdCreateI                                      build/obj/chthreads.o
                                                  build/obj/chinstances.o
chThdCreateStatic                                 build/obj/chthreads.o
chThdCreateSuspended                              build/obj/chthreads.o
chThdCreateSuspendedI                             build/obj/chthreads.o
chThdDequeueAllI                                  build/obj/chthreads.o
                                                  build/obj/chmboxes.o
                                                  build/obj/hal_queues.o
                                                  build/obj/hal_buffers.o
chThdDequeueNextI                                 build/obj/chthreads.o
                                                  build/obj/chmboxes.o
                                                  build/obj/hal_queues.o
                                                  build/obj/hal_buffers.o
chThdEnqueueTimeoutS                              build/obj/chthreads.o
                                                  build/obj/chmboxes.o
                                                  build/obj/hal_queues.o
                                                  build/obj/hal_buffers.o
chThdExit                                         build/obj/chthreads.o
                                                  build/obj/chcore.o
chThdExitS                                        build/obj/chthreads.o
chThdQueueObjectDispose                           build/obj/chthreads.o
                                                  build/obj/chmboxes.o
chThdQueueObjectInit                              build/obj/chthreads.o
                                                  build/obj/chmboxes.o
                                                  build/obj/hal_queues.o
                                                  build/obj/hal_buffers.o
chThdRelease                                      build/obj/chthreads.o
chThdResume                                       build/obj/chthreads.o
                                                  build/obj/chpipes.o
chThdResumeI                                      build/obj/chthreads.o
                                                  build/obj/chpipes.o
chThdResumeS                                      build/obj/chthreads.o
chThdSetPriority                                  build/obj/chthreads.o
chThdSleep                                        build/obj/chthreads.o
                                                  build/obj/hal_flash.o
chThdSleepUntil                                   build/obj/chthreads.o
chThdSleepUntilWindowed                           build/obj/chthreads.o
chThdStart                                        build/obj/chthreads.o
chThdSuspendS                                     build/obj/chthreads.o
chThdSuspendTimeoutS                              build/obj/chthreads.o
                                                  build/obj/chpipes.o
chThdTerminate                                    build/obj/chthreads.o
chThdWait                                         build/obj/chthreads.o
chThdYield                                        build/obj/chthreads.o
chVTDoResetI                                      build/obj/chvt.o
                                                  build/obj/chschd.o
chVTDoSetContinuousI                              build/obj/chvt.o
chVTDoSetI                                        build/obj/chvt.o
                                                  build/obj/chschd.o
chVTDoTickI                                       build/obj/chvt.o
                                                  build/obj/chsys.o
chVTGetRemainingIntervalI                         build/obj/chvt.o
chVTGetTimeStampI                                 build/obj/chvt.o
chVTObjectDispose                                 build/obj/chvt.o
chVTObjectInit                                    build/obj/chvt.o
chVTResetTimeStampI                               build/obj/chvt.o
ch_core0_cfg                                      build/obj/chsys.o
ch_debug                                          build/obj/chregistry.o
                                                  build/obj/chinstances.o
ch_memcore                                        build/obj/chmemcore.o
ch_system                                         build/obj/chsys.o
                                                  build/obj/chinstances.o
exit                                              /usr/lib/gcc/avr/5.4.0/avr5/libgcc.a(_exit.o)
                                                  /usr/lib/gcc/avr/5.4.0/../../../avr/lib/avr5/crtatmega328p.o
fgetc                                             /usr/lib/gcc/avr/5.4.0/../../../avr/lib/avr5/libc.a(fgetc.o)
                                                  /usr/lib/gcc/avr/5.4.0/../../../avr/lib/avr5/libscanf_min.a(vfscanf_min.o)
flashGetAddressOffset                             build/obj/hal_flash.o
flashGetOffsetAddress                             build/obj/hal_flash.o
flashGetOffsetSector                              build/obj/hal_flash.o
flashGetSectorOffset                              build/obj/hal_flash.o
flashGetSectorSize                                build/obj/hal_flash.o
flashWaitErase                                    build/obj/hal_flash.o
fputc                                             /usr/lib/gcc/avr/5.4.0/../../../avr/lib/avr5/libc.a(fputc.o)
                                                  /usr/lib/gcc/avr/5.4.0/../../../avr/lib/avr5/libprintf_min.a(vfprintf_min.o)
gptChangeInterval                                 build/obj/hal_gpt.o
gptInit                                           build/obj/hal_gpt.o
gptObjectInit                                     build/obj/hal_gpt.o
                                                  build/obj/hal_gpt_lld.o
gptPolledDelay                                    build/obj/hal_gpt.o
gptStart                                          build/obj/hal_gpt.o
                                                  build/obj/main.o
gptStartContinuous                                build/obj/hal_gpt.o
                                                  build/obj/main.o
gptStartContinuousI                               build/obj/hal_gpt.o
gptStartOneShot                                   build/obj/hal_gpt.o
gptStartOneShotI                                  build/obj/hal_gpt.o
gptStop                                           build/obj/hal_gpt.o
gptStopTimer                                      build/obj/hal_gpt.o
gptStopTimerI                                     build/obj/hal_gpt.o
gpt_cb                                            build/obj/main.o
gpt_lld_init                                      build/obj/hal_gpt_lld.o
                                                  build/obj/hal_gpt.o
gpt_lld_polled_delay                              build/obj/hal_gpt_lld.o
                                                  build/obj/hal_gpt.o
gpt_lld_start                                     build/obj/hal_gpt_lld.o
                                                  build/obj/hal_gpt.o
gpt_lld_start_timer                               build/obj/hal_gpt_lld.o
                                                  build/obj/hal_gpt.o
gpt_lld_stop                                      build/obj/hal_gpt_lld.o
                                                  build/obj/hal_gpt.o
gpt_lld_stop_timer                                build/obj/hal_gpt_lld.o
                                                  build/obj/hal_gpt.o
halInit                                           build/obj/hal.o
                                                  build/obj/main.o
hal_lld_init                                      build/obj/hal_lld.o
                                                  build/obj/hal.o
ibqGetEmptyBufferI                                build/obj/hal_buffers.o
ibqGetFullBufferTimeout                           build/obj/hal_buffers.o
ibqGetFullBufferTimeoutS                          build/obj/hal_buffers.o
ibqGetTimeout                                     build/obj/hal_buffers.o
ibqObjectInit                                     build/obj/hal_buffers.o
ibqPostFullBufferI                                build/obj/hal_buffers.o
ibqReadTimeout                                    build/obj/hal_buffers.o
ibqReleaseEmptyBuffer                             build/obj/hal_buffers.o
ibqReleaseEmptyBufferS                            build/obj/hal_buffers.o
ibqResetI                                         build/obj/hal_buffers.o
iqGetI                                            build/obj/hal_queues.o
iqGetTimeout                                      build/obj/hal_queues.o
                                                  build/obj/hal_serial.o
iqObjectInit                                      build/obj/hal_queues.o
                                                  build/obj/hal_serial.o
iqPutI                                            build/obj/hal_queues.o
                                                  build/obj/hal_serial.o
                                                  build/obj/hal_buffered_serial.o
iqReadI                                           build/obj/hal_queues.o
iqReadTimeout                                     build/obj/hal_queues.o
                                                  build/obj/hal_serial.o
iqResetI                                          build/obj/hal_queues.o
                                                  build/obj/hal_serial.o
isspace                                           /usr/lib/gcc/avr/5.4.0/../../../avr/lib/avr5/libc.a(isspace.o)
                                                  /usr/lib/gcc/avr/5.4.0/../../../avr/lib/avr5/libscanf_min.a(vfscanf_min.o)
main                                              build/obj/main.o
                                                  /usr/lib/gcc/avr/5.4.0/../../../avr/lib/avr5/crtatmega328p.o
memcpy                                            /usr/lib/gcc/avr/5.4.0/../../../avr/lib/avr5/libc.a(memcpy.o)
                                                  build/obj/chpipes.o
                                                  build/obj/hal_queues.o
                                                  build/obj/hal_buffers.o
obqFlush                                          build/obj/hal_buffers.o
obqGetEmptyBufferTimeout                          build/obj/hal_buffers.o
obqGetEmptyBufferTimeoutS                         build/obj/hal_buffers.o
obqGetFullBufferI                                 build/obj/hal_buffers.o
obqObjectInit                                     build/obj/hal_buffers.o
obqPostFullBuffer                                 build/obj/hal_buffers.o
obqPostFullBufferS                                build/obj/hal_buffers.o
obqPutTimeout                                     build/obj/hal_buffers.o
obqReleaseEmptyBufferI                            build/obj/hal_buffers.o
obqResetI                                         build/obj/hal_buffers.o
obqTryFlushI                                      build/obj/hal_buffers.o
obqWriteTimeout                                   build/obj/hal_buffers.o
oqGetI                                            build/obj/hal_queues.o
                                                  build/obj/hal_serial.o
                                                  build/obj/hal_buffered_serial.o
oqObjectInit                                      build/obj/hal_queues.o
                                                  build/obj/hal_serial.o
oqPutI                                            build/obj/hal_queues.o
oqPutTimeout                                      build/obj/hal_queues.o
                                                  build/obj/hal_serial.o
oqResetI                                          build/obj/hal_queues.o
                                                  build/obj/hal_serial.o
oqWriteI                                          build/obj/hal_queues.o
oqWriteTimeout                                    build/obj/hal_queues.o
                                                  build/obj/hal_serial.o
palReadBus                                        build/obj/hal_pal.o
palSetBusMode                                     build/obj/hal_pal.o
palWriteBus                                       build/obj/hal_pal.o
pal_default_config                                build/obj/board.o
                                                  build/obj/hal.o
regs_table                                        build/obj/hal_gpt_lld.o
sdControl                                         build/obj/hal_serial.o
sdGetWouldBlock                                   build/obj/hal_serial.o
sdIncomingDataI                                   build/obj/hal_serial.o
                                                  build/obj/hal_serial_lld.o
sdInit                                            build/obj/hal_serial.o
                                                  build/obj/hal.o
sdObjectInit                                      build/obj/hal_serial.o
                                                  build/obj/hal_serial_lld.o
sdPutWouldBlock                                   build/obj/hal_serial.o
sdRequestDataI                                    build/obj/hal_serial.o
                                                  build/obj/hal_serial_lld.o
sdStart                                           build/obj/hal_serial.o
sdStop                                            build/obj/hal_serial.o
sd_lld_init                                       build/obj/hal_serial_lld.o
                                                  build/obj/hal_serial.o
sd_lld_start                                      build/obj/hal_serial_lld.o
                                                  build/obj/hal_serial.o
sd_lld_stop                                       build/obj/hal_serial_lld.o
                                                  build/obj/hal_serial.o
stGetAlarm                                        build/obj/hal_st.o
stGetCounter                                      build/obj/hal_st.o
                                                  build/obj/chthreads.o
                                                  build/obj/chinstances.o
                                                  build/obj/chvt.o
stInit                                            build/obj/hal_st.o
                                                  build/obj/hal.o
stIsAlarmActive                                   build/obj/hal_st.o
stSetAlarm                                        build/obj/hal_st.o
                                                  build/obj/chvt.o
stStartAlarm                                      build/obj/hal_st.o
                                                  build/obj/chvt.o
stStopAlarm                                       build/obj/hal_st.o
                                                  build/obj/chvt.o
st_lld_init                                       build/obj/hal_st_lld.o
                                                  build/obj/hal_st.o
strchr_P                                          /usr/lib/gcc/avr/5.4.0/../../../avr/lib/avr5/libc.a(strchr_P.o)
                                                  /usr/lib/gcc/avr/5.4.0/../../../avr/lib/avr5/libscanf_min.a(vfscanf_min.o)
                                                  /usr/lib/gcc/avr/5.4.0/../../../avr/lib/avr5/libprintf_min.a(vfprintf_min.o)
strcmp                                            /usr/lib/gcc/avr/5.4.0/../../../avr/lib/avr5/libc.a(strcmp.o)
                                                  build/obj/chregistry.o
ungetc                                            /usr/lib/gcc/avr/5.4.0/../../../avr/lib/avr5/libc.a(ungetc.o)
                                                  /usr/lib/gcc/avr/5.4.0/../../../avr/lib/avr5/libscanf_min.a(vfscanf_min.o)
vfprintf                                          /usr/lib/gcc/avr/5.4.0/../../../avr/lib/avr5/libprintf_min.a(vfprintf_min.o)
vfscanf                                           /usr/lib/gcc/avr/5.4.0/../../../avr/lib/avr5/libscanf_min.a(vfscanf_min.o)
