Archive member included to satisfy reference by file (symbol)

/usr/lib/gcc/avr/5.4.0/../../../avr/lib/avr5/libprintf_min.a(vfprintf_min.o)
                              (vfprintf)
/usr/lib/gcc/avr/5.4.0/../../../avr/lib/avr5/libscanf_min.a(vfscanf_min.o)
                              (vfscanf)
/usr/lib/gcc/avr/5.4.0/avr5/libgcc.a(_mulsi3.o)
                              build/obj/hal_flash.o (__mulsi3)
/usr/lib/gcc/avr/5.4.0/avr5/libgcc.a(_udivmodsi4.o)
                              build/obj/hal_flash.o (__udivmodsi4)
/usr/lib/gcc/avr/5.4.0/avr5/libgcc.a(_exit.o)
                              /usr/lib/gcc/avr/5.4.0/../../../avr/lib/avr5/crtatmega328p.o (exit)
/usr/lib/gcc/avr/5.4.0/avr5/libgcc.a(_copy_data.o)
                              build/obj/hal_serial.o (__do_copy_data)
/usr/lib/gcc/avr/5.4.0/avr5/libgcc.a(_clear_bss.o)
                              build/obj/hal_pwm_lld.o (__do_clear_bss)
/usr/lib/gcc/avr/5.4.0/avr5/libgcc.a(_umulhisi3.o)
                              build/obj/main.o (__umulhisi3)
/usr/lib/gcc/avr/5.4.0/avr5/libgcc.a(_muluhisi3.o)
                              build/obj/hal_flash.o (__muluhisi3)
/usr/lib/gcc/avr/5.4.0/avr5/libgcc.a(_prologue.o)
                              /usr/lib/gcc/avr/5.4.0/../../../avr/lib/avr5/libprintf_min.a(vfprintf_min.o) (__prologue_saves__)
/usr/lib/gcc/avr/5.4.0/avr5/libgcc.a(_epilogue.o)
                              /usr/lib/gcc/avr/5.4.0/../../../avr/lib/avr5/libprintf_min.a(vfprintf_min.o) (__epilogue_restores__)
/usr/lib/gcc/avr/5.4.0/avr5/libgcc.a(_adddi3.o)
                              build/obj/chvt.o (__adddi3)
/usr/lib/gcc/avr/5.4.0/../../../avr/lib/avr5/libc.a(isspace.o)
                              /usr/lib/gcc/avr/5.4.0/../../../avr/lib/avr5/libscanf_min.a(vfscanf_min.o) (isspace)
/usr/lib/gcc/avr/5.4.0/../../../avr/lib/avr5/libc.a(strchr_P.o)
                              /usr/lib/gcc/avr/5.4.0/../../../avr/lib/avr5/libprintf_min.a(vfprintf_min.o) (strchr_P)
/usr/lib/gcc/avr/5.4.0/../../../avr/lib/avr5/libc.a(memcpy.o)
                              build/obj/hal_buffers.o (memcpy)
/usr/lib/gcc/avr/5.4.0/../../../avr/lib/avr5/libc.a(strcmp.o)
                              build/obj/chregistry.o (strcmp)
/usr/lib/gcc/avr/5.4.0/../../../avr/lib/avr5/libc.a(fgetc.o)
                              /usr/lib/gcc/avr/5.4.0/../../../avr/lib/avr5/libscanf_min.a(vfscanf_min.o) (fgetc)
/usr/lib/gcc/avr/5.4.0/../../../avr/lib/avr5/libc.a(fputc.o)
                              /usr/lib/gcc/avr/5.4.0/../../../avr/lib/avr5/libprintf_min.a(vfprintf_min.o) (fputc)
/usr/lib/gcc/avr/5.4.0/../../../avr/lib/avr5/libc.a(ungetc.o)
                              /usr/lib/gcc/avr/5.4.0/../../../avr/lib/avr5/libscanf_min.a(vfscanf_min.o) (ungetc)
/usr/lib/gcc/avr/5.4.0/../../../avr/lib/avr5/libc.a(ultoa_invert.o)
                              /usr/lib/gcc/avr/5.4.0/../../../avr/lib/avr5/libprintf_min.a(vfprintf_min.o) (__ultoa_invert)
/usr/lib/gcc/avr/5.4.0/../../../avr/lib/avr5/libc.a(cty_isfalse.o)
                              /usr/lib/gcc/avr/5.4.0/../../../avr/lib/avr5/libc.a(isspace.o) (__ctype_isfalse)

Allocating common symbols
Common symbol       size              file

ch_system           0x3               build/obj/chsys.o
__avr_in_isr        0x1               build/obj/chcore.o
PWMD1               0x7               build/obj/hal_pwm_lld.o
ch0                 0x43              build/obj/chsys.o
ch_memcore          0x4               build/obj/chmemcore.o
SD1                 0x49              build/obj/hal_serial_lld.o

Discarded input sections

 .data          0x0000000000000000        0x0 /usr/lib/gcc/avr/5.4.0/../../../avr/lib/avr5/crtatmega328p.o
 .bss           0x0000000000000000        0x0 /usr/lib/gcc/avr/5.4.0/../../../avr/lib/avr5/crtatmega328p.o
 .text          0x0000000000000000        0x0 build/obj/hal.o
 .data          0x0000000000000000        0x0 build/obj/hal.o
 .bss           0x0000000000000000        0x0 build/obj/hal.o
 .text          0x0000000000000000        0x0 build/obj/hal_st.o
 .data          0x0000000000000000        0x0 build/obj/hal_st.o
 .bss           0x0000000000000000        0x0 build/obj/hal_st.o
 .text          0x0000000000000000        0x0 build/obj/hal_buffered_serial.o
 .data          0x0000000000000000        0x0 build/obj/hal_buffered_serial.o
 .bss           0x0000000000000000        0x0 build/obj/hal_buffered_serial.o
 .text.bsIncomingDataI
                0x0000000000000000       0x50 build/obj/hal_buffered_serial.o
 .text.bsRequestDataI
                0x0000000000000000       0x38 build/obj/hal_buffered_serial.o
 .debug_info    0x0000000000000000      0xd95 build/obj/hal_buffered_serial.o
 .debug_abbrev  0x0000000000000000      0x260 build/obj/hal_buffered_serial.o
 .debug_loc     0x0000000000000000      0x274 build/obj/hal_buffered_serial.o
 .debug_aranges
                0x0000000000000000       0x28 build/obj/hal_buffered_serial.o
[...]
Memory Configuration

Name             Origin             Length             Attributes
text             0x0000000000000000 0x0000000000008000 xr
data             0x0000000000800100 0x0000000000000800 rw !x
eeprom           0x0000000000810000 0x0000000000000400 rw !x
fuse             0x0000000000820000 0x0000000000000003 rw !x
lock             0x0000000000830000 0x0000000000000400 rw !x
signature        0x0000000000840000 0x0000000000000400 rw !x
user_signatures  0x0000000000850000 0x0000000000000400 rw !x
*default*        0x0000000000000000 0xffffffffffffffff

Linker script and memory map

Address of section .data set to 0x800100
LOAD /usr/lib/gcc/avr/5.4.0/../../../avr/lib/avr5/crtatmega328p.o
LOAD build/obj/hal.o
LOAD build/obj/hal_st.o
LOAD build/obj/hal_buffered_serial.o
LOAD build/obj/hal_buffers.o
LOAD build/obj/hal_queues.o
LOAD build/obj/hal_flash.o
LOAD build/obj/hal_mmcsd.o
LOAD build/obj/hal_pal.o
LOAD build/obj/hal_pwm.o
LOAD build/obj/hal_serial.o
LOAD build/obj/board.o
LOAD build/obj/hal_lld.o
LOAD build/obj/hal_pal_lld.o
LOAD build/obj/hal_st_lld.o
LOAD build/obj/hal_pwm_lld.o
LOAD build/obj/hal_serial_lld.o
LOAD build/obj/osal.o
LOAD build/obj/chsys.o
LOAD build/obj/chrfcu.o
LOAD build/obj/chdebug.o
LOAD build/obj/chtrace.o
LOAD build/obj/chvt.o
LOAD build/obj/chschd.o
LOAD build/obj/chinstances.o
LOAD build/obj/chthreads.o
LOAD build/obj/chregistry.o
LOAD build/obj/chsem.o
LOAD build/obj/chmtx.o
LOAD build/obj/chcond.o
LOAD build/obj/chevents.o
LOAD build/obj/chmsg.o
LOAD build/obj/chmemchecks.o
LOAD build/obj/chmboxes.o
LOAD build/obj/chmemcore.o
LOAD build/obj/chmemheaps.o
LOAD build/obj/chmempools.o
LOAD build/obj/chpipes.o
LOAD build/obj/chobjcaches.o
LOAD build/obj/chdelegates.o
LOAD build/obj/chcore.o
LOAD build/obj/main.o
LOAD /usr/lib/gcc/avr/5.4.0/../../../avr/lib/avr5/libprintf_min.a
LOAD /usr/lib/gcc/avr/5.4.0/../../../avr/lib/avr5/libscanf_min.a
LOAD /usr/lib/gcc/avr/5.4.0/../../../avr/lib/avr5/libm.a
                0x0000000000000000                __main_thread_stack_base__ = 0x0
                0x0000000000000000                __main_thread_stack_end__ = 0x0
START GROUP
LOAD /usr/lib/gcc/avr/5.4.0/avr5/libgcc.a
LOAD /usr/lib/gcc/avr/5.4.0/../../../avr/lib/avr5/libm.a
LOAD /usr/lib/gcc/avr/5.4.0/../../../avr/lib/avr5/libc.a
LOAD /usr/lib/gcc/avr/5.4.0/../../../avr/lib/avr5/libatmega328p.a
END GROUP
                0x0000000000000000                __TEXT_REGION_ORIGIN__ = DEFINED (__TEXT_REGION_ORIGIN__)?__TEXT_REGION_ORIGIN__:0x0
                [0x0000000000800100]                __DATA_REGION_ORIGIN__ = DEFINED (__DATA_REGION_ORIGIN__)?__DATA_REGION_ORIGIN__:0x800060
                [0x0000000000008000]                __TEXT_REGION_LENGTH__ = DEFINED (__TEXT_REGION_LENGTH__)?__TEXT_REGION_LENGTH__:0x20000
                [0x0000000000000800]                __DATA_REGION_LENGTH__ = DEFINED (__DATA_REGION_LENGTH__)?__DATA_REGION_LENGTH__:0xffa0
                [0x0000000000000400]                __EEPROM_REGION_LENGTH__ = DEFINED (__EEPROM_REGION_LENGTH__)?__EEPROM_REGION_LENGTH__:0x10000
                [0x0000000000000003]                __FUSE_REGION_LENGTH__ = DEFINED (__FUSE_REGION_LENGTH__)?__FUSE_REGION_LENGTH__:0x400
                0x0000000000000400                __LOCK_REGION_LENGTH__ = DEFINED (__LOCK_REGION_LENGTH__)?__LOCK_REGION_LENGTH__:0x400
                0x0000000000000400                __SIGNATURE_REGION_LENGTH__ = DEFINED (__SIGNATURE_REGION_LENGTH__)?__SIGNATURE_REGION_LENGTH__:0x400
                0x0000000000000400                __USER_SIGNATURE_REGION_LENGTH__ = DEFINED (__USER_SIGNATURE_REGION_LENGTH__)?__USER_SIGNATURE_REGION_LENGTH__:0x400

.hash
 *(.hash)

.dynsym
 *(.dynsym)

.dynstr
 *(.dynstr)

.gnu.version
 *(.gnu.version)

.gnu.version_d
 *(.gnu.version_d)

.gnu.version_r
 *(.gnu.version_r)

.rel.init
 *(.rel.init)

.rela.init
 *(.rela.init)

.rel.text
 *(.rel.text)
 *(.rel.text.*)
 *(.rel.gnu.linkonce.t*)

.rela.text
 *(.rela.text)
 *(.rela.text.*)
 *(.rela.gnu.linkonce.t*)

.rel.fini
 *(.rel.fini)

.rela.fini
 *(.rela.fini)

.rel.rodata
 *(.rel.rodata)
 *(.rel.rodata.*)
 *(.rel.gnu.linkonce.r*)

.rela.rodata
 *(.rela.rodata)
 *(.rela.rodata.*)
 *(.rela.gnu.linkonce.r*)

.rel.data
 *(.rel.data)
 *(.rel.data.*)
 *(.rel.gnu.linkonce.d*)

.rela.data
 *(.rela.data)
 *(.rela.data.*)
 *(.rela.gnu.linkonce.d*)

.rel.ctors
 *(.rel.ctors)

.rela.ctors
 *(.rela.ctors)

.rel.dtors
 *(.rel.dtors)

.rela.dtors
 *(.rela.dtors)

.rel.got
 *(.rel.got)

.rela.got
 *(.rela.got)

.rel.bss
 *(.rel.bss)

.rela.bss
 *(.rela.bss)

.rel.plt
 *(.rel.plt)

.rela.plt
 *(.rela.plt)

.text           0x0000000000000000     0x1e18
 *(.vectors)
 .vectors       0x0000000000000000       0x68 /usr/lib/gcc/avr/5.4.0/../../../avr/lib/avr5/crtatmega328p.o
                0x0000000000000000                __vectors
                0x0000000000000000                __vector_default
 *(.vectors)
 *(.progmem.gcc*)
                0x0000000000000068                . = ALIGN (0x2)
                0x0000000000000068                __trampolines_start = .
 *(.trampolines)
 .trampolines   0x0000000000000068        0x0 linker stubs
 *(.trampolines*)
                0x0000000000000068                __trampolines_end = .
 *libprintf_flt.a:*(.progmem.data)
 *libc.a:*(.progmem.data)
 *(.progmem*)
 .progmem.data  0x0000000000000068       0x17 /usr/lib/gcc/avr/5.4.0/../../../avr/lib/avr5/libprintf_min.a(vfprintf_min.o)
 .progmem.data  0x000000000000007f        0xb /usr/lib/gcc/avr/5.4.0/../../../avr/lib/avr5/libscanf_min.a(vfscanf_min.o)
                0x000000000000008a                . = ALIGN (0x2)
 *(.jumptables)
 *(.jumptables*)
 *(.lowtext)
 *(.lowtext*)
                0x000000000000008a                __ctors_start = .
 *(.ctors)
                0x000000000000008a                __ctors_end = .
                0x000000000000008a                __dtors_start = .
 *(.dtors)
                0x000000000000008a                __dtors_end = .
 SORT(*)(.ctors)
 SORT(*)(.dtors)
 *(.init0)
 .init0         0x000000000000008a        0x0 /usr/lib/gcc/avr/5.4.0/../../../avr/lib/avr5/crtatmega328p.o
                0x000000000000008a                __init
 *(.init0)
 *(.init1)
 *(.init1)
 *(.init2)
 .init2         0x000000000000008a        0xc /usr/lib/gcc/avr/5.4.0/../../../avr/lib/avr5/crtatmega328p.o
 *(.init2)
 *(.init3)
 *(.init3)
 *(.init4)
 .init4         0x0000000000000096       0x16 /usr/lib/gcc/avr/5.4.0/avr5/libgcc.a(_copy_data.o)
                0x0000000000000096                __do_copy_data
 .init4         0x00000000000000ac       0x10 /usr/lib/gcc/avr/5.4.0/avr5/libgcc.a(_clear_bss.o)
                0x00000000000000ac                __do_clear_bss
 *(.init4)
 *(.init5)
 *(.init5)
 *(.init6)
 *(.init6)
 *(.init7)
 *(.init7)
 *(.init8)
 *(.init8)
 *(.init9)
 .init9         0x00000000000000bc        0x8 /usr/lib/gcc/avr/5.4.0/../../../avr/lib/avr5/crtatmega328p.o
 *(.init9)
 *(.text)
 .text          0x00000000000000c4        0x2 /usr/lib/gcc/avr/5.4.0/../../../avr/lib/avr5/crtatmega328p.o
                0x00000000000000c4                __vector_22
                0x00000000000000c4                __vector_1
                0x00000000000000c4                __vector_24
                0x00000000000000c4                __bad_interrupt
                0x00000000000000c4                __vector_6
                0x00000000000000c4                __vector_3
                0x00000000000000c4                __vector_23
                0x00000000000000c4                __vector_25
                0x00000000000000c4                __vector_17
                0x00000000000000c4                __vector_7
                0x00000000000000c4                __vector_5
                0x00000000000000c4                __vector_4
                0x00000000000000c4                __vector_9
                0x00000000000000c4                __vector_2
                0x00000000000000c4                __vector_21
                0x00000000000000c4                __vector_15
                0x00000000000000c4                __vector_8
                0x00000000000000c4                __vector_10
                0x00000000000000c4                __vector_16
                0x00000000000000c4                __vector_20
                0x00000000000000c6                . = ALIGN (0x2)
 *(.text.*)
 .text.halInit  0x00000000000000c6       0x10 build/obj/hal.o
                0x00000000000000c6                halInit
 .text.stInit   0x00000000000000d6        0x2 build/obj/hal_st.o
                0x00000000000000d6                stInit
 .text.iq_read  0x00000000000000d8       0xb6 build/obj/hal_queues.o
 .text.oq_write
                0x000000000000018e       0xb6 build/obj/hal_queues.o
 .text.iqObjectInit
                0x0000000000000244       0x56 build/obj/hal_queues.o
                0x0000000000000244                iqObjectInit
 .text.iqPutI   0x000000000000029a       0x58 build/obj/hal_queues.o
                0x000000000000029a                iqPutI
 .text.iqGetTimeout
                0x00000000000002f2       0x76 build/obj/hal_queues.o
                0x00000000000002f2                iqGetTimeout
 .text.iqReadTimeout
                0x0000000000000368       0x96 build/obj/hal_queues.o
                0x0000000000000368                iqReadTimeout
 .text.oqObjectInit
                0x00000000000003fe       0x54 build/obj/hal_queues.o
                0x00000000000003fe                oqObjectInit
 .text.oqPutTimeout
                0x0000000000000452       0x80 build/obj/hal_queues.o
                0x0000000000000452                oqPutTimeout
 .text.oqGetI   0x00000000000004d2       0x58 build/obj/hal_queues.o
                0x00000000000004d2                oqGetI
 .text.oqWriteTimeout
                0x000000000000052a       0x96 build/obj/hal_queues.o
                0x000000000000052a                oqWriteTimeout
 .text.pwmInit  0x00000000000005c0        0x2 build/obj/hal_pwm.o
                0x00000000000005c0                pwmInit
 .text.pwmObjectInit
                0x00000000000005c2       0x10 build/obj/hal_pwm.o
                0x00000000000005c2                pwmObjectInit
 .text.pwmStart
                0x00000000000005d2       0x2c build/obj/hal_pwm.o
                0x00000000000005d2                pwmStart
 .text.pwmEnableChannel
                0x00000000000005fe       0x1e build/obj/hal_pwm.o
                0x00000000000005fe                pwmEnableChannel
 .text._readt   0x000000000000061c        0x4 build/obj/hal_serial.o
 .text._read    0x0000000000000620        0x8 build/obj/hal_serial.o
 .text._writet  0x0000000000000628        0x4 build/obj/hal_serial.o
 .text._write   0x000000000000062c        0x8 build/obj/hal_serial.o
 .text._gett    0x0000000000000634        0x4 build/obj/hal_serial.o
 .text._get     0x0000000000000638        0x8 build/obj/hal_serial.o
 .text._putt    0x0000000000000640        0x4 build/obj/hal_serial.o
 .text._put     0x0000000000000644        0x8 build/obj/hal_serial.o
 .text._ctl     0x000000000000064c       0x12 build/obj/hal_serial.o
 .text.sdInit   0x000000000000065e        0x2 build/obj/hal_serial.o
                0x000000000000065e                sdInit
 .text.sdObjectInit
                0x0000000000000660       0x60 build/obj/hal_serial.o
                0x0000000000000660                sdObjectInit
 .text.sdIncomingDataI
                0x00000000000006c0       0x48 build/obj/hal_serial.o
                0x00000000000006c0                sdIncomingDataI
 .text.sdRequestDataI
                0x0000000000000708       0x34 build/obj/hal_serial.o
                0x0000000000000708                sdRequestDataI
 .text.boardInit
                0x000000000000073c        0x8 build/obj/board.o
                0x000000000000073c                boardInit
 .text.hal_lld_init
                0x0000000000000744        0x2 build/obj/hal_lld.o
                0x0000000000000744                hal_lld_init
 .text._pal_lld_init
                0x0000000000000746       0x1c build/obj/hal_pal_lld.o
                0x0000000000000746                _pal_lld_init
 .text.__vector_14
                0x0000000000000762       0x56 build/obj/hal_st_lld.o
                0x0000000000000762                __vector_14
 .text.st_lld_init
                0x00000000000007b8       0x14 build/obj/hal_st_lld.o
                0x00000000000007b8                st_lld_init
 .text.__vector_13
                0x00000000000007cc       0x68 build/obj/hal_pwm_lld.o
                0x00000000000007cc                __vector_13
 .text.__vector_11
                0x0000000000000834       0x68 build/obj/hal_pwm_lld.o
                0x0000000000000834                __vector_11
 .text.__vector_12
                0x000000000000089c       0x68 build/obj/hal_pwm_lld.o
                0x000000000000089c                __vector_12
 .text.pwm_lld_init
                0x0000000000000904        0xe build/obj/hal_pwm_lld.o
                0x0000000000000904                pwm_lld_init
 .text.pwm_lld_start
                0x0000000000000912      0x10c build/obj/hal_pwm_lld.o
                0x0000000000000912                pwm_lld_start
 .text.pwm_lld_enable_channel
                0x0000000000000a1e      0x190 build/obj/hal_pwm_lld.o
                0x0000000000000a1e                pwm_lld_enable_channel
 .text.notify1  0x0000000000000bae        0xc build/obj/hal_serial_lld.o
 .text.__vector_18
                0x0000000000000bba       0x7c build/obj/hal_serial_lld.o
                0x0000000000000bba                __vector_18
 .text.__vector_19
                0x0000000000000c36       0x6e build/obj/hal_serial_lld.o
                0x0000000000000c36                __vector_19
 .text.sd_lld_init
                0x0000000000000ca4        0xe build/obj/hal_serial_lld.o
                0x0000000000000ca4                sd_lld_init
 .text.chSysInit
                0x0000000000000cb2       0x2a build/obj/chsys.o
                0x0000000000000cb2                chSysInit
 .text.chSysTimerHandlerI
                0x0000000000000cdc        0x2 build/obj/chsys.o
                0x0000000000000cdc                chSysTimerHandlerI
 .text.chVTDoSetI
                0x0000000000000cde       0x84 build/obj/chvt.o
                0x0000000000000cde                chVTDoSetI
 .text.chVTDoResetI
                0x0000000000000d62       0x4c build/obj/chvt.o
                0x0000000000000d62                chVTDoResetI
 .text.chVTDoTickI
                0x0000000000000dae       0xda build/obj/chvt.o
                0x0000000000000dae                chVTDoTickI
 .text.__sch_wakeup
                0x0000000000000e88       0xaa build/obj/chschd.o
 .text.chSchReadyI
                0x0000000000000f32       0x48 build/obj/chschd.o
                0x0000000000000f32                chSchReadyI
 .text.chSchGoSleepS
                0x0000000000000f7a       0x38 build/obj/chschd.o
                0x0000000000000f7a                chSchGoSleepS
 .text.chSchGoSleepTimeoutS
                0x0000000000000fb2       0x6e build/obj/chschd.o
                0x0000000000000fb2                chSchGoSleepTimeoutS
 .text.chSchIsPreemptionRequired
                0x0000000000001020       0x20 build/obj/chschd.o
                0x0000000000001020                chSchIsPreemptionRequired
 .text.chSchDoPreemption
                0x0000000000001040       0x7e build/obj/chschd.o
                0x0000000000001040                chSchDoPreemption
 .text.__idle_thread
                0x00000000000010be        0x2 build/obj/chinstances.o
 .text.chInstanceObjectInit
                0x00000000000010c0       0xf2 build/obj/chinstances.o
                0x00000000000010c0                chInstanceObjectInit
 .text.__thd_object_init
                0x00000000000011b2       0x5e build/obj/chthreads.o
                0x00000000000011b2                __thd_object_init
 .text.chThdCreateSuspendedI
                0x0000000000001210       0xc2 build/obj/chthreads.o
                0x0000000000001210                chThdCreateSuspendedI
 .text.chThdCreateI
                0x00000000000012d2        0x4 build/obj/chthreads.o
                0x00000000000012d2                chThdCreateI
 .text.chThdExitS
                0x00000000000012d6       0x64 build/obj/chthreads.o
                0x00000000000012d6                chThdExitS
 .text.chThdExit
                0x000000000000133a        0x4 build/obj/chthreads.o
                0x000000000000133a                chThdExit
 .text.chThdSleep
                0x000000000000133e        0xc build/obj/chthreads.o
                0x000000000000133e                chThdSleep
 .text.chThdQueueObjectInit
                0x000000000000134a        0xc build/obj/chthreads.o
                0x000000000000134a                chThdQueueObjectInit
 .text.chThdEnqueueTimeoutS
                0x0000000000001356       0x3a build/obj/chthreads.o
                0x0000000000001356                chThdEnqueueTimeoutS
 .text.chThdDequeueNextI
                0x0000000000001390       0x32 build/obj/chthreads.o
                0x0000000000001390                chThdDequeueNextI
 .text.chMtxObjectInit
                0x00000000000013c2       0x10 build/obj/chmtx.o
                0x00000000000013c2                chMtxObjectInit
 .text.chEvtObjectInit
                0x00000000000013d2        0x8 build/obj/chevents.o
                0x00000000000013d2                chEvtObjectInit
 .text.chEvtSignalI
                0x00000000000013da       0x2c build/obj/chevents.o
                0x00000000000013da                chEvtSignalI
 .text.chEvtBroadcastFlagsI
                0x0000000000001406       0x4a build/obj/chevents.o
                0x0000000000001406                chEvtBroadcastFlagsI
 .text.__core_init
                0x0000000000001450       0x16 build/obj/chmemcore.o
                0x0000000000001450                __core_init
 .text.chCoreAllocFromTop
                0x0000000000001466       0x4a build/obj/chmemcore.o
                0x0000000000001466                chCoreAllocFromTop
 .text.chCoreGetStatusX
                0x00000000000014b0       0x22 build/obj/chmemcore.o
                0x00000000000014b0                chCoreGetStatusX
 .text.__heap_init
                0x00000000000014d2       0x28 build/obj/chmemheaps.o
                0x00000000000014d2                __heap_init
 .text._port_switch
                0x00000000000014fa       0x5e build/obj/chcore.o
                0x00000000000014fa                _port_switch
 .text._port_thread_start
                0x0000000000001558        0xa build/obj/chcore.o
                0x0000000000001558                _port_thread_start
 .text.startup.main
                0x0000000000001562       0x5e build/obj/main.o
                0x0000000000001562                main
 .text.avr-libc
                0x00000000000015c0      0x218 /usr/lib/gcc/avr/5.4.0/../../../avr/lib/avr5/libprintf_min.a(vfprintf_min.o)
                0x00000000000015c0                vfprintf
 .text.avr-libc
                0x00000000000017d8      0x390 /usr/lib/gcc/avr/5.4.0/../../../avr/lib/avr5/libscanf_min.a(vfscanf_min.o)
                0x000000000000197e                vfscanf
 .text.libgcc.mul
                0x0000000000001b68       0x1e /usr/lib/gcc/avr/5.4.0/avr5/libgcc.a(_umulhisi3.o)
                0x0000000000001b68                __umulhisi3
 .text.libgcc.prologue
                0x0000000000001b86       0x38 /usr/lib/gcc/avr/5.4.0/avr5/libgcc.a(_prologue.o)
                0x0000000000001b86                __prologue_saves__
 .text.libgcc.prologue
                0x0000000000001bbe       0x36 /usr/lib/gcc/avr/5.4.0/avr5/libgcc.a(_epilogue.o)
                0x0000000000001bbe                __epilogue_restores__
 .text.avr-libc
                0x0000000000001bf4       0x10 /usr/lib/gcc/avr/5.4.0/../../../avr/lib/avr5/libc.a(isspace.o)
                0x0000000000001bf4                isspace
 .text.avr-libc
                0x0000000000001c04       0x16 /usr/lib/gcc/avr/5.4.0/../../../avr/lib/avr5/libc.a(strchr_P.o)
                0x0000000000001c04                strchr_P
 .text.avr-libc
                0x0000000000001c1a       0x12 /usr/lib/gcc/avr/5.4.0/../../../avr/lib/avr5/libc.a(memcpy.o)
                0x0000000000001c1a                memcpy
 .text.avr-libc
                0x0000000000001c2c       0x7c /usr/lib/gcc/avr/5.4.0/../../../avr/lib/avr5/libc.a(fgetc.o)
                0x0000000000001c2c                fgetc
 .text.avr-libc
                0x0000000000001ca8       0x78 /usr/lib/gcc/avr/5.4.0/../../../avr/lib/avr5/libc.a(fputc.o)
                0x0000000000001ca8                fputc
 .text.avr-libc
                0x0000000000001d20       0x32 /usr/lib/gcc/avr/5.4.0/../../../avr/lib/avr5/libc.a(ungetc.o)
                0x0000000000001d20                ungetc
 .text.avr-libc
                0x0000000000001d52       0xbc /usr/lib/gcc/avr/5.4.0/../../../avr/lib/avr5/libc.a(ultoa_invert.o)
                0x0000000000001d52                __ultoa_invert
 .text.avr-libc
                0x0000000000001e0e        0x6 /usr/lib/gcc/avr/5.4.0/../../../avr/lib/avr5/libc.a(cty_isfalse.o)
                0x0000000000001e0e                __ctype_isfalse
                0x0000000000001e12                __ctype_istrue
                0x0000000000001e14                . = ALIGN (0x2)
 *(.fini9)
 .fini9         0x0000000000001e14        0x0 /usr/lib/gcc/avr/5.4.0/avr5/libgcc.a(_exit.o)
                0x0000000000001e14                exit
                0x0000000000001e14                _exit
 *(.fini9)
 *(.fini8)
 *(.fini8)
 *(.fini7)
 *(.fini7)
 *(.fini6)
 *(.fini6)
 *(.fini5)
 *(.fini5)
 *(.fini4)
 *(.fini4)
 *(.fini3)
 *(.fini3)
 *(.fini2)
 *(.fini2)
 *(.fini1)
 *(.fini1)
 *(.fini0)
 .fini0         0x0000000000001e14        0x4 /usr/lib/gcc/avr/5.4.0/avr5/libgcc.a(_exit.o)
 *(.fini0)
                0x0000000000001e18                _etext = .

.data           0x0000000000800100       0x7c load address 0x0000000000001e18
                0x0000000000800100                PROVIDE (__data_start, .)
 *(.data)
 *(.data*)
 .data.driver_config
                0x0000000000800100        0xe build/obj/main.o
                0x0000000000800100                driver_config
 *(.gnu.linkonce.d*)
 *(.rodata)
 .rodata        0x000000000080010e        0x5 build/obj/hal_pwm_lld.o
 *(.rodata*)
 .rodata.vmt    0x0000000000800113       0x14 build/obj/hal_serial.o
 .rodata.pal_default_config
                0x0000000000800127        0x6 build/obj/board.o
                0x0000000000800127                pal_default_config
 .rodata.regs_table
                0x000000000080012d       0x16 build/obj/hal_pwm_lld.o
 .rodata.str1.1
                0x0000000000800143        0x3 build/obj/chsys.o
 .rodata.ch_core0_cfg
                0x0000000000800146        0x6 build/obj/chsys.o
                0x0000000000800146                ch_core0_cfg
 .rodata.str1.1
                0x000000000080014c        0x5 build/obj/chinstances.o
 .rodata.ch_debug
                0x0000000000800151       0x2b build/obj/chregistry.o
                0x0000000000800151                ch_debug
 *(.gnu.linkonce.r*)
                0x000000000080017c                . = ALIGN (0x2)
                0x000000000080017c                _edata = .
                0x000000000080017c                PROVIDE (__data_end, .)

.bss            0x000000000080017c      0x198
                0x000000000080017c                PROVIDE (__bss_start, .)
 *(.bss)
 *(.bss*)
 .bss.ch_c0_idle_thread_wa
                0x000000000080017c       0x6b build/obj/chsys.o
 .bss.static_heap.3322
                0x00000000008001e7       0x80 build/obj/chmemcore.o
 .bss.default_heap
                0x0000000000800267       0x12 build/obj/chmemheaps.o
 *(COMMON)
 COMMON         0x0000000000800279        0x7 build/obj/hal_pwm_lld.o
                0x0000000000800279                PWMD1
 COMMON         0x0000000000800280       0x49 build/obj/hal_serial_lld.o
                0x0000000000800280                SD1
 COMMON         0x00000000008002c9       0x46 build/obj/chsys.o
                0x00000000008002c9                ch_system
                0x00000000008002cc                ch0
 COMMON         0x000000000080030f        0x4 build/obj/chmemcore.o
                0x000000000080030f                ch_memcore
 COMMON         0x0000000000800313        0x1 build/obj/chcore.o
                0x0000000000800313                __avr_in_isr
                0x0000000000800314                PROVIDE (__bss_end, .)
                0x0000000000001e18                __data_load_start = LOADADDR (.data)
                0x0000000000001e94                __data_load_end = (__data_load_start + SIZEOF (.data))

.noinit         0x0000000000800314        0x0
                [!provide]                        PROVIDE (__noinit_start, .)
 *(.noinit*)
                [!provide]                        PROVIDE (__noinit_end, .)
                0x0000000000800314                _end = .
                [!provide]                        PROVIDE (__heap_start, .)

.eeprom         0x0000000000810000        0x0
 *(.eeprom*)
                0x0000000000810000                __eeprom_end = .

.fuse
 *(.fuse)
 *(.lfuse)
 *(.hfuse)
 *(.efuse)

.lock
 *(.lock*)

.signature
 *(.signature*)

.user_signatures
 *(.user_signatures*)

.stab
 *(.stab)

.stabstr
 *(.stabstr)

.stab.excl
 *(.stab.excl)

.stab.exclstr
 *(.stab.exclstr)

.stab.index
 *(.stab.index)

.stab.indexstr
 *(.stab.indexstr)

.comment        0x0000000000000000       0x11
 *(.comment)
 .comment       0x0000000000000000       0x11 build/obj/hal.o
                                         0x12 (size before relaxing)
 .comment       0x0000000000000011       0x12 build/obj/hal_st.o
 .comment       0x0000000000000011       0x12 build/obj/hal_queues.o
 .comment       0x0000000000000011       0x12 build/obj/hal_pwm.o
 .comment       0x0000000000000011       0x12 build/obj/hal_serial.o
 .comment       0x0000000000000011       0x12 build/obj/board.o
 .comment       0x0000000000000011       0x12 build/obj/hal_lld.o
 .comment       0x0000000000000011       0x12 build/obj/hal_pal_lld.o
 .comment       0x0000000000000011       0x12 build/obj/hal_st_lld.o
 .comment       0x0000000000000011       0x12 build/obj/hal_pwm_lld.o
 .comment       0x0000000000000011       0x12 build/obj/hal_serial_lld.o
 .comment       0x0000000000000011       0x12 build/obj/chsys.o
 .comment       0x0000000000000011       0x12 build/obj/chvt.o
 .comment       0x0000000000000011       0x12 build/obj/chschd.o
 .comment       0x0000000000000011       0x12 build/obj/chinstances.o
 .comment       0x0000000000000011       0x12 build/obj/chthreads.o
 .comment       0x0000000000000011       0x12 build/obj/chregistry.o
 .comment       0x0000000000000011       0x12 build/obj/chmtx.o
 .comment       0x0000000000000011       0x12 build/obj/chevents.o
 .comment       0x0000000000000011       0x12 build/obj/chmemcore.o
 .comment       0x0000000000000011       0x12 build/obj/chmemheaps.o
 .comment       0x0000000000000011       0x12 build/obj/chcore.o
 .comment       0x0000000000000011       0x12 build/obj/main.o
 .comment       0x0000000000000011       0x12 /usr/lib/gcc/avr/5.4.0/../../../avr/lib/avr5/libprintf_min.a(vfprintf_min.o)
 .comment       0x0000000000000011       0x12 /usr/lib/gcc/avr/5.4.0/../../../avr/lib/avr5/libscanf_min.a(vfscanf_min.o)
 .comment       0x0000000000000011       0x12 /usr/lib/gcc/avr/5.4.0/../../../avr/lib/avr5/libc.a(fgetc.o)
 .comment       0x0000000000000011       0x12 /usr/lib/gcc/avr/5.4.0/../../../avr/lib/avr5/libc.a(fputc.o)
 .comment       0x0000000000000011       0x12 /usr/lib/gcc/avr/5.4.0/../../../avr/lib/avr5/libc.a(ungetc.o)

.note.gnu.avr.deviceinfo
                0x0000000000000000       0x40
 .note.gnu.avr.deviceinfo
                0x0000000000000000       0x40 /usr/lib/gcc/avr/5.4.0/../../../avr/lib/avr5/crtatmega328p.o

.note.gnu.build-id
 *(.note.gnu.build-id)

.debug
 *(.debug)

.line
 *(.line)

.debug_srcinfo
 *(.debug_srcinfo)

.debug_sfnames
 *(.debug_sfnames)

.debug_aranges  0x0000000000000000      0x7e0
 *(.debug_aranges)
 .debug_aranges
                0x0000000000000000       0x20 build/obj/hal.o
 .debug_aranges
                0x0000000000000020       0x20 build/obj/hal_st.o
 .debug_aranges
                0x0000000000000040       0x98 build/obj/hal_queues.o
 .debug_aranges
                0x00000000000000d8       0x70 build/obj/hal_pwm.o
 .debug_aranges
                0x0000000000000148       0xa0 build/obj/hal_serial.o
 .debug_aranges
                0x00000000000001e8       0x20 build/obj/board.o
 .debug_aranges
                0x0000000000000208       0x20 build/obj/hal_lld.o
 .debug_aranges
                0x0000000000000228       0x48 build/obj/hal_pal_lld.o
 .debug_aranges
                0x0000000000000270       0x28 build/obj/hal_st_lld.o
 .debug_aranges
                0x0000000000000298       0x80 build/obj/hal_pwm_lld.o
 .debug_aranges
                0x0000000000000318       0x48 build/obj/hal_serial_lld.o
 .debug_aranges
                0x0000000000000360       0x58 build/obj/chsys.o
 .debug_aranges
                0x00000000000003b8       0x60 build/obj/chvt.o
 .debug_aranges
                0x0000000000000418       0x68 build/obj/chschd.o
 .debug_aranges
                0x0000000000000480       0x28 build/obj/chinstances.o
 .debug_aranges
                0x00000000000004a8       0xf8 build/obj/chthreads.o
 .debug_aranges
                0x00000000000005a0       0x38 build/obj/chregistry.o
 .debug_aranges
                0x00000000000005d8       0x68 build/obj/chmtx.o
 .debug_aranges
                0x0000000000000640       0xc0 build/obj/chevents.o
 .debug_aranges
                0x0000000000000700       0x48 build/obj/chmemcore.o
 .debug_aranges
                0x0000000000000748       0x50 build/obj/chmemheaps.o
 .debug_aranges
                0x0000000000000798       0x28 build/obj/chcore.o
 .debug_aranges
                0x00000000000007c0       0x20 build/obj/main.o

.debug_pubnames
 *(.debug_pubnames)

.debug_info     0x0000000000000000    0x15a46
 *(.debug_info .gnu.linkonce.wi.*)
 .debug_info    0x0000000000000000      0x5f4 /usr/lib/gcc/avr/5.4.0/../../../avr/lib/avr5/crtatmega328p.o
 .debug_info    0x00000000000005f4      0x8cb build/obj/hal.o
 .debug_info    0x0000000000000ebf      0x7cf build/obj/hal_st.o
 .debug_info    0x000000000000168e     0x18a8 build/obj/hal_queues.o
 .debug_info    0x0000000000002f36     0x1281 build/obj/hal_pwm.o
 .debug_info    0x00000000000041b7     0x18d0 build/obj/hal_serial.o
 .debug_info    0x0000000000005a87      0x838 build/obj/board.o
 .debug_info    0x00000000000062bf      0x7b3 build/obj/hal_lld.o
 .debug_info    0x0000000000006a72      0xa72 build/obj/hal_pal_lld.o
 .debug_info    0x00000000000074e4      0x86b build/obj/hal_st_lld.o
 .debug_info    0x0000000000007d4f      0xed4 build/obj/hal_pwm_lld.o
 .debug_info    0x0000000000008c23      0xf92 build/obj/hal_serial_lld.o
 .debug_info    0x0000000000009bb5      0xc65 build/obj/chsys.o
 .debug_info    0x000000000000a81a      0xf1c build/obj/chvt.o
 .debug_info    0x000000000000b736     0x1159 build/obj/chschd.o
 .debug_info    0x000000000000c88f      0xd85 build/obj/chinstances.o
 .debug_info    0x000000000000d614     0x1fc8 build/obj/chthreads.o
 .debug_info    0x000000000000f5dc      0xef7 build/obj/chregistry.o
 .debug_info    0x00000000000104d3     0x10e0 build/obj/chmtx.o
 .debug_info    0x00000000000115b3     0x1750 build/obj/chevents.o
 .debug_info    0x0000000000012d03      0xc2d build/obj/chmemcore.o
 .debug_info    0x0000000000013930      0xebe build/obj/chmemheaps.o
 .debug_info    0x00000000000147ee      0x867 build/obj/chcore.o
 .debug_info    0x0000000000015055      0x9f1 build/obj/main.o

.debug_abbrev   0x0000000000000000     0x458d
 *(.debug_abbrev)
 .debug_abbrev  0x0000000000000000      0x5a2 /usr/lib/gcc/avr/5.4.0/../../../avr/lib/avr5/crtatmega328p.o
 .debug_abbrev  0x00000000000005a2      0x18b build/obj/hal.o
 .debug_abbrev  0x000000000000072d      0x141 build/obj/hal_st.o
 .debug_abbrev  0x000000000000086e      0x3bc build/obj/hal_queues.o
 .debug_abbrev  0x0000000000000c2a      0x2a4 build/obj/hal_pwm.o
 .debug_abbrev  0x0000000000000ece      0x414 build/obj/hal_serial.o
 .debug_abbrev  0x00000000000012e2      0x13d build/obj/board.o
 .debug_abbrev  0x000000000000141f      0x11f build/obj/hal_lld.o
 .debug_abbrev  0x000000000000153e      0x1a3 build/obj/hal_pal_lld.o
 .debug_abbrev  0x00000000000016e1      0x188 build/obj/hal_st_lld.o
 .debug_abbrev  0x0000000000001869      0x2e0 build/obj/hal_pwm_lld.o
 .debug_abbrev  0x0000000000001b49      0x357 build/obj/hal_serial_lld.o
 .debug_abbrev  0x0000000000001ea0      0x393 build/obj/chsys.o
 .debug_abbrev  0x0000000000002233      0x35d build/obj/chvt.o
 .debug_abbrev  0x0000000000002590      0x384 build/obj/chschd.o
 .debug_abbrev  0x0000000000002914      0x2dd build/obj/chinstances.o
 .debug_abbrev  0x0000000000002bf1      0x487 build/obj/chthreads.o
 .debug_abbrev  0x0000000000003078      0x31e build/obj/chregistry.o
 .debug_abbrev  0x0000000000003396      0x41e build/obj/chmtx.o
 .debug_abbrev  0x00000000000037b4      0x468 build/obj/chevents.o
 .debug_abbrev  0x0000000000003c1c      0x28d build/obj/chmemcore.o
 .debug_abbrev  0x0000000000003ea9      0x376 build/obj/chmemheaps.o
 .debug_abbrev  0x000000000000421f      0x19d build/obj/chcore.o
 .debug_abbrev  0x00000000000043bc      0x1d1 build/obj/main.o

.debug_line     0x0000000000000000     0x5991
 *(.debug_line .debug_line.* .debug_line_end)
 .debug_line    0x0000000000000000       0x1a /usr/lib/gcc/avr/5.4.0/../../../avr/lib/avr5/crtatmega328p.o
 .debug_line    0x000000000000001a      0x278 build/obj/hal.o
 .debug_line    0x0000000000000292      0x196 build/obj/hal_st.o
 .debug_line    0x0000000000000428      0x76f build/obj/hal_queues.o
 .debug_line    0x0000000000000b97      0x3cf build/obj/hal_pwm.o
 .debug_line    0x0000000000000f66      0x4e1 build/obj/hal_serial.o
 .debug_line    0x0000000000001447      0x1a7 build/obj/board.o
 .debug_line    0x00000000000015ee      0x167 build/obj/hal_lld.o
 .debug_line    0x0000000000001755      0x270 build/obj/hal_pal_lld.o
 .debug_line    0x00000000000019c5      0x201 build/obj/hal_st_lld.o
 .debug_line    0x0000000000001bc6      0x42f build/obj/hal_pwm_lld.o
 .debug_line    0x0000000000001ff5      0x38c build/obj/hal_serial_lld.o
 .debug_line    0x0000000000002381      0x417 build/obj/chsys.o
 .debug_line    0x0000000000002798      0x3ed build/obj/chvt.o
 .debug_line    0x0000000000002b85      0x529 build/obj/chschd.o
 .debug_line    0x00000000000030ae      0x240 build/obj/chinstances.o
 .debug_line    0x00000000000032ee      0x985 build/obj/chthreads.o
 .debug_line    0x0000000000003c73      0x320 build/obj/chregistry.o
 .debug_line    0x0000000000003f93      0x600 build/obj/chmtx.o
 .debug_line    0x0000000000004593      0x749 build/obj/chevents.o
 .debug_line    0x0000000000004cdc      0x33e build/obj/chmemcore.o
 .debug_line    0x000000000000501a      0x502 build/obj/chmemheaps.o
 .debug_line    0x000000000000551c      0x294 build/obj/chcore.o
 .debug_line    0x00000000000057b0      0x1e1 build/obj/main.o

.debug_frame    0x0000000000000000     0x16e4
 *(.debug_frame)
 .debug_frame   0x0000000000000000       0x24 build/obj/hal.o
 .debug_frame   0x0000000000000024       0x24 build/obj/hal_st.o
 .debug_frame   0x0000000000000048      0x33c build/obj/hal_queues.o
 .debug_frame   0x0000000000000384       0xdc build/obj/hal_pwm.o
 .debug_frame   0x0000000000000460      0x1a8 build/obj/hal_serial.o
 .debug_frame   0x0000000000000608       0x24 build/obj/board.o
 .debug_frame   0x000000000000062c       0x24 build/obj/hal_lld.o
 .debug_frame   0x0000000000000650       0x74 build/obj/hal_pal_lld.o
 .debug_frame   0x00000000000006c4       0x88 build/obj/hal_st_lld.o
 .debug_frame   0x000000000000074c      0x278 build/obj/hal_pwm_lld.o
 .debug_frame   0x00000000000009c4      0x11c build/obj/hal_serial_lld.o
 .debug_frame   0x0000000000000ae0       0xa0 build/obj/chsys.o
 .debug_frame   0x0000000000000b80      0x14c build/obj/chvt.o
 .debug_frame   0x0000000000000ccc      0x13c build/obj/chschd.o
 .debug_frame   0x0000000000000e08       0x64 build/obj/chinstances.o
 .debug_frame   0x0000000000000e6c      0x29c build/obj/chthreads.o
 .debug_frame   0x0000000000001108       0x6c build/obj/chregistry.o
 .debug_frame   0x0000000000001174       0xfc build/obj/chmtx.o
 .debug_frame   0x0000000000001270      0x24c build/obj/chevents.o
 .debug_frame   0x00000000000014bc       0x74 build/obj/chmemcore.o
 .debug_frame   0x0000000000001530      0x15c build/obj/chmemheaps.o
 .debug_frame   0x000000000000168c       0x34 build/obj/chcore.o
 .debug_frame   0x00000000000016c0       0x24 build/obj/main.o

.debug_str      0x0000000000000000     0x21d1
 *(.debug_str)
 .debug_str     0x0000000000000000      0x208 /usr/lib/gcc/avr/5.4.0/../../../avr/lib/avr5/crtatmega328p.o
 .debug_str     0x0000000000000208      0x4d7 build/obj/hal.o
                                        0x596 (size before relaxing)
 .debug_str     0x00000000000006df       0x29 build/obj/hal_st.o
                                        0x520 (size before relaxing)
 .debug_str     0x0000000000000708      0x283 build/obj/hal_queues.o
                                        0x77d (size before relaxing)
 .debug_str     0x000000000000098b      0x298 build/obj/hal_pwm.o
                                        0x7fb (size before relaxing)
 .debug_str     0x0000000000000c23      0x264 build/obj/hal_serial.o
                                        0x907 (size before relaxing)
 .debug_str     0x0000000000000e87       0x2b build/obj/board.o
                                        0x565 (size before relaxing)
 .debug_str     0x0000000000000eb2       0x32 build/obj/hal_lld.o
                                        0x52f (size before relaxing)
 .debug_str     0x0000000000000ee4      0x114 build/obj/hal_pal_lld.o
                                        0x652 (size before relaxing)
 .debug_str     0x0000000000000ff8      0x10d build/obj/hal_st_lld.o
                                        0x609 (size before relaxing)
 .debug_str     0x0000000000001105      0x10c build/obj/hal_pwm_lld.o
                                        0x808 (size before relaxing)
 .debug_str     0x0000000000001211       0x87 build/obj/hal_serial_lld.o
                                        0x87c (size before relaxing)
 .debug_str     0x0000000000001298      0x1c3 build/obj/chsys.o
                                        0x769 (size before relaxing)
 .debug_str     0x000000000000145b      0x17d build/obj/chvt.o
                                        0x6df (size before relaxing)
 .debug_str     0x00000000000015d8      0x16a build/obj/chschd.o
                                        0x731 (size before relaxing)
 .debug_str     0x0000000000001742      0x2b3 build/obj/chinstances.o
                                        0x868 (size before relaxing)
 .debug_str     0x00000000000019f5      0x240 build/obj/chthreads.o
                                        0x8d7 (size before relaxing)
 .debug_str     0x0000000000001c35       0x8b build/obj/chregistry.o
                                        0x7c4 (size before relaxing)
 .debug_str     0x0000000000001cc0       0xcd build/obj/chmtx.o
                                        0x680 (size before relaxing)
 .debug_str     0x0000000000001d8d      0x1b7 build/obj/chevents.o
                                        0x7c6 (size before relaxing)
 .debug_str     0x0000000000001f44       0xc7 build/obj/chmemcore.o
                                        0x610 (size before relaxing)
 .debug_str     0x000000000000200b      0x167 build/obj/chmemheaps.o
                                        0x6da (size before relaxing)
 .debug_str     0x0000000000002172       0x39 build/obj/chcore.o
                                        0x557 (size before relaxing)
 .debug_str     0x00000000000021ab       0x26 build/obj/main.o
                                        0x60b (size before relaxing)

.debug_loc      0x0000000000000000     0x7291
 *(.debug_loc)
 .debug_loc     0x0000000000000000     0x14d5 build/obj/hal_queues.o
 .debug_loc     0x00000000000014d5      0x2f2 build/obj/hal_pwm.o
 .debug_loc     0x00000000000017c7      0x9b8 build/obj/hal_serial.o
 .debug_loc     0x000000000000217f      0x135 build/obj/hal_pal_lld.o
 .debug_loc     0x00000000000022b4       0xcb build/obj/hal_st_lld.o
 .debug_loc     0x000000000000237f      0x8fd build/obj/hal_pwm_lld.o
 .debug_loc     0x0000000000002c7c      0x39f build/obj/hal_serial_lld.o
 .debug_loc     0x000000000000301b      0x1ee build/obj/chsys.o
 .debug_loc     0x0000000000003209      0x662 build/obj/chvt.o
 .debug_loc     0x000000000000386b      0x649 build/obj/chschd.o
 .debug_loc     0x0000000000003eb4      0x1bd build/obj/chinstances.o
 .debug_loc     0x0000000000004071      0xfbe build/obj/chthreads.o
 .debug_loc     0x000000000000502f      0x33f build/obj/chregistry.o
 .debug_loc     0x000000000000536e      0x56a build/obj/chmtx.o
 .debug_loc     0x00000000000058d8      0x981 build/obj/chevents.o
 .debug_loc     0x0000000000006259      0x4cd build/obj/chmemcore.o
 .debug_loc     0x0000000000006726      0xb6b build/obj/chmemheaps.o

.debug_macinfo
 *(.debug_macinfo)

.debug_weaknames
 *(.debug_weaknames)

.debug_funcnames
 *(.debug_funcnames)

.debug_typenames
 *(.debug_typenames)

.debug_varnames
 *(.debug_varnames)

.debug_pubtypes
 *(.debug_pubtypes)

.debug_ranges   0x0000000000000000      0x9d8
 *(.debug_ranges)
 .debug_ranges  0x0000000000000000       0x10 build/obj/hal.o
 .debug_ranges  0x0000000000000010       0x10 build/obj/hal_st.o
 .debug_ranges  0x0000000000000020      0x118 build/obj/hal_queues.o
 .debug_ranges  0x0000000000000138       0x60 build/obj/hal_pwm.o
 .debug_ranges  0x0000000000000198       0xc0 build/obj/hal_serial.o
 .debug_ranges  0x0000000000000258       0x10 build/obj/board.o
 .debug_ranges  0x0000000000000268       0x10 build/obj/hal_lld.o
 .debug_ranges  0x0000000000000278       0x38 build/obj/hal_pal_lld.o
 .debug_ranges  0x00000000000002b0       0x18 build/obj/hal_st_lld.o
 .debug_ranges  0x00000000000002c8       0xa0 build/obj/hal_pwm_lld.o
 .debug_ranges  0x0000000000000368       0x68 build/obj/hal_serial_lld.o
 .debug_ranges  0x00000000000003d0       0x90 build/obj/chsys.o
 .debug_ranges  0x0000000000000460       0x88 build/obj/chvt.o
 .debug_ranges  0x00000000000004e8       0x58 build/obj/chschd.o
 .debug_ranges  0x0000000000000540       0x18 build/obj/chinstances.o
 .debug_ranges  0x0000000000000558      0x130 build/obj/chthreads.o
 .debug_ranges  0x0000000000000688       0x88 build/obj/chregistry.o
 .debug_ranges  0x0000000000000710       0xe8 build/obj/chmtx.o
 .debug_ranges  0x00000000000007f8       0xc8 build/obj/chevents.o
 .debug_ranges  0x00000000000008c0       0x98 build/obj/chmemcore.o
 .debug_ranges  0x0000000000000958       0x58 build/obj/chmemheaps.o
 .debug_ranges  0x00000000000009b0       0x18 build/obj/chcore.o
 .debug_ranges  0x00000000000009c8       0x10 build/obj/main.o

.debug_macro
 *(.debug_macro)
OUTPUT(build/ch.elf elf32-avr)
LOAD linker stubs

Cross Reference Table

Symbol                                            File
PWMD1                                             build/obj/hal_pwm_lld.o
                                                  build/obj/main.o
SD1                                               build/obj/hal_serial_lld.o
__DATA_REGION_LENGTH__                            /usr/lib/gcc/avr/5.4.0/../../../avr/lib/avr5/crtatmega328p.o
__DATA_REGION_ORIGIN__                            /usr/lib/gcc/avr/5.4.0/../../../avr/lib/avr5/crtatmega328p.o
__EEPROM_REGION_LENGTH__                          /usr/lib/gcc/avr/5.4.0/../../../avr/lib/avr5/crtatmega328p.o
__FUSE_REGION_LENGTH__                            /usr/lib/gcc/avr/5.4.0/../../../avr/lib/avr5/crtatmega328p.o
__TEXT_REGION_LENGTH__                            /usr/lib/gcc/avr/5.4.0/../../../avr/lib/avr5/crtatmega328p.o
__adddi3                                          /usr/lib/gcc/avr/5.4.0/avr5/libgcc.a(_adddi3.o)
                                                  build/obj/chvt.o
__avr_in_isr                                      build/obj/chcore.o
                                                  build/obj/chinstances.o
                                                  build/obj/chsys.o
                                                  build/obj/hal_serial_lld.o
                                                  build/obj/hal_pwm_lld.o
                                                  build/obj/hal_st_lld.o
__bad_interrupt                                   /usr/lib/gcc/avr/5.4.0/../../../avr/lib/avr5/crtatmega328p.o
__bss_end                                         /usr/lib/gcc/avr/5.4.0/avr5/libgcc.a(_clear_bss.o)
__bss_start                                       /usr/lib/gcc/avr/5.4.0/avr5/libgcc.a(_clear_bss.o)
__ch_delegate_fn0                                 build/obj/chdelegates.o
__ch_delegate_fn1                                 build/obj/chdelegates.o
__ch_delegate_fn2                                 build/obj/chdelegates.o
__ch_delegate_fn3                                 build/obj/chdelegates.o
__ch_delegate_fn4                                 build/obj/chdelegates.o
__ch_mem_executable_areas                         build/obj/chmemchecks.o
__ch_mem_readable_areas                           build/obj/chmemchecks.o
__ch_mem_writable_areas                           build/obj/chmemchecks.o
__core_init                                       build/obj/chmemcore.o
                                                  build/obj/chsys.o
__ctype_isfalse                                   /usr/lib/gcc/avr/5.4.0/../../../avr/lib/avr5/libc.a(cty_isfalse.o)
                                                  /usr/lib/gcc/avr/5.4.0/../../../avr/lib/avr5/libc.a(isspace.o)
__ctype_istrue                                    /usr/lib/gcc/avr/5.4.0/../../../avr/lib/avr5/libc.a(cty_isfalse.o)
__data_end                                        /usr/lib/gcc/avr/5.4.0/avr5/libgcc.a(_copy_data.o)
__data_load_start                                 /usr/lib/gcc/avr/5.4.0/avr5/libgcc.a(_copy_data.o)
__data_start                                      /usr/lib/gcc/avr/5.4.0/avr5/libgcc.a(_copy_data.o)
__do_clear_bss                                    /usr/lib/gcc/avr/5.4.0/avr5/libgcc.a(_clear_bss.o)
                                                  build/obj/chcore.o
                                                  build/obj/chmemheaps.o
                                                  build/obj/chmemcore.o
                                                  build/obj/chsys.o
                                                  build/obj/hal_serial_lld.o
                                                  build/obj/hal_pwm_lld.o
__do_copy_data                                    /usr/lib/gcc/avr/5.4.0/avr5/libgcc.a(_copy_data.o)
                                                  build/obj/main.o
                                                  build/obj/chmemchecks.o
                                                  build/obj/chregistry.o
                                                  build/obj/chthreads.o
                                                  build/obj/chinstances.o
                                                  build/obj/chsys.o
                                                  build/obj/hal_serial_lld.o
                                                  build/obj/hal_pwm_lld.o
                                                  build/obj/board.o
                                                  build/obj/hal_serial.o
__epilogue_restores__                             /usr/lib/gcc/avr/5.4.0/avr5/libgcc.a(_epilogue.o)
                                                  /usr/lib/gcc/avr/5.4.0/../../../avr/lib/avr5/libscanf_min.a(vfscanf_min.o)
                                                  /usr/lib/gcc/avr/5.4.0/../../../avr/lib/avr5/libprintf_min.a(vfprintf_min.o)
__heap_end                                        /usr/lib/gcc/avr/5.4.0/../../../avr/lib/avr5/crtatmega328p.o
__heap_init                                       build/obj/chmemheaps.o
                                                  build/obj/chsys.o
__init                                            /usr/lib/gcc/avr/5.4.0/../../../avr/lib/avr5/crtatmega328p.o
__mulsi3                                          /usr/lib/gcc/avr/5.4.0/avr5/libgcc.a(_mulsi3.o)
                                                  build/obj/hal_flash.o
__muluhisi3                                       /usr/lib/gcc/avr/5.4.0/avr5/libgcc.a(_muluhisi3.o)
                                                  /usr/lib/gcc/avr/5.4.0/avr5/libgcc.a(_mulsi3.o)
                                                  build/obj/hal_flash.o
__prologue_saves__                                /usr/lib/gcc/avr/5.4.0/avr5/libgcc.a(_prologue.o)
                                                  /usr/lib/gcc/avr/5.4.0/../../../avr/lib/avr5/libscanf_min.a(vfscanf_min.o)
                                                  /usr/lib/gcc/avr/5.4.0/../../../avr/lib/avr5/libprintf_min.a(vfprintf_min.o)
__stack                                           /usr/lib/gcc/avr/5.4.0/../../../avr/lib/avr5/crtatmega328p.o
__thd_object_init                                 build/obj/chthreads.o
                                                  build/obj/chinstances.o
__udivmodsi4                                      /usr/lib/gcc/avr/5.4.0/avr5/libgcc.a(_udivmodsi4.o)
                                                  build/obj/hal_flash.o
__ultoa_invert                                    /usr/lib/gcc/avr/5.4.0/../../../avr/lib/avr5/libc.a(ultoa_invert.o)
                                                  /usr/lib/gcc/avr/5.4.0/../../../avr/lib/avr5/libprintf_min.a(vfprintf_min.o)
__umulhisi3                                       /usr/lib/gcc/avr/5.4.0/avr5/libgcc.a(_umulhisi3.o)
                                                  /usr/lib/gcc/avr/5.4.0/avr5/libgcc.a(_muluhisi3.o)
                                                  build/obj/main.o
__vector_1                                        /usr/lib/gcc/avr/5.4.0/../../../avr/lib/avr5/crtatmega328p.o
__vector_10                                       /usr/lib/gcc/avr/5.4.0/../../../avr/lib/avr5/crtatmega328p.o
__vector_11                                       build/obj/hal_pwm_lld.o
                                                  /usr/lib/gcc/avr/5.4.0/../../../avr/lib/avr5/crtatmega328p.o
__vector_12                                       build/obj/hal_pwm_lld.o
                                                  /usr/lib/gcc/avr/5.4.0/../../../avr/lib/avr5/crtatmega328p.o
__vector_13                                       build/obj/hal_pwm_lld.o
                                                  /usr/lib/gcc/avr/5.4.0/../../../avr/lib/avr5/crtatmega328p.o
__vector_14                                       build/obj/hal_st_lld.o
                                                  /usr/lib/gcc/avr/5.4.0/../../../avr/lib/avr5/crtatmega328p.o
__vector_15                                       /usr/lib/gcc/avr/5.4.0/../../../avr/lib/avr5/crtatmega328p.o
__vector_16                                       /usr/lib/gcc/avr/5.4.0/../../../avr/lib/avr5/crtatmega328p.o
__vector_17                                       /usr/lib/gcc/avr/5.4.0/../../../avr/lib/avr5/crtatmega328p.o
__vector_18                                       build/obj/hal_serial_lld.o
                                                  /usr/lib/gcc/avr/5.4.0/../../../avr/lib/avr5/crtatmega328p.o
__vector_19                                       build/obj/hal_serial_lld.o
                                                  /usr/lib/gcc/avr/5.4.0/../../../avr/lib/avr5/crtatmega328p.o
__vector_2                                        /usr/lib/gcc/avr/5.4.0/../../../avr/lib/avr5/crtatmega328p.o
__vector_20                                       /usr/lib/gcc/avr/5.4.0/../../../avr/lib/avr5/crtatmega328p.o
__vector_21                                       /usr/lib/gcc/avr/5.4.0/../../../avr/lib/avr5/crtatmega328p.o
__vector_22                                       /usr/lib/gcc/avr/5.4.0/../../../avr/lib/avr5/crtatmega328p.o
__vector_23                                       /usr/lib/gcc/avr/5.4.0/../../../avr/lib/avr5/crtatmega328p.o
__vector_24                                       /usr/lib/gcc/avr/5.4.0/../../../avr/lib/avr5/crtatmega328p.o
__vector_25                                       /usr/lib/gcc/avr/5.4.0/../../../avr/lib/avr5/crtatmega328p.o
__vector_3                                        /usr/lib/gcc/avr/5.4.0/../../../avr/lib/avr5/crtatmega328p.o
__vector_4                                        /usr/lib/gcc/avr/5.4.0/../../../avr/lib/avr5/crtatmega328p.o
__vector_5                                        /usr/lib/gcc/avr/5.4.0/../../../avr/lib/avr5/crtatmega328p.o
__vector_6                                        /usr/lib/gcc/avr/5.4.0/../../../avr/lib/avr5/crtatmega328p.o
__vector_7                                        /usr/lib/gcc/avr/5.4.0/../../../avr/lib/avr5/crtatmega328p.o
__vector_8                                        /usr/lib/gcc/avr/5.4.0/../../../avr/lib/avr5/crtatmega328p.o
__vector_9                                        /usr/lib/gcc/avr/5.4.0/../../../avr/lib/avr5/crtatmega328p.o
__vector_default                                  /usr/lib/gcc/avr/5.4.0/../../../avr/lib/avr5/crtatmega328p.o
__vectors                                         /usr/lib/gcc/avr/5.4.0/../../../avr/lib/avr5/crtatmega328p.o
_exit                                             /usr/lib/gcc/avr/5.4.0/avr5/libgcc.a(_exit.o)
_pal_lld_enablepadevent                           build/obj/hal_pal_lld.o
_pal_lld_getpadfromline                           build/obj/hal_pal_lld.o
_pal_lld_getportfromline                          build/obj/hal_pal_lld.o
_pal_lld_init                                     build/obj/hal_pal_lld.o
                                                  build/obj/hal.o
_pal_lld_setgroupmode                             build/obj/hal_pal_lld.o
                                                  build/obj/hal_pal.o
_pal_lld_setlineid                                build/obj/hal_pal_lld.o
_port_switch                                      build/obj/chcore.o
                                                  build/obj/chschd.o
_port_thread_start                                build/obj/chcore.o
                                                  build/obj/chthreads.o
boardInit                                         build/obj/board.o
                                                  build/obj/hal.o
bsIncomingDataI                                   build/obj/hal_buffered_serial.o
bsRequestDataI                                    build/obj/hal_buffered_serial.o
ch0                                               build/obj/chsys.o
                                                  build/obj/chmsg.o
                                                  build/obj/chevents.o
                                                  build/obj/chcond.o
                                                  build/obj/chmtx.o
                                                  build/obj/chsem.o
                                                  build/obj/chregistry.o
                                                  build/obj/chthreads.o
                                                  build/obj/chinstances.o
                                                  build/obj/chschd.o
                                                  build/obj/chvt.o
                                                  build/obj/chrfcu.o
chCacheGetObject                                  build/obj/chobjcaches.o
chCacheObjectInit                                 build/obj/chobjcaches.o
chCacheReadObject                                 build/obj/chobjcaches.o
chCacheReleaseObjectI                             build/obj/chobjcaches.o
chCacheWriteObject                                build/obj/chobjcaches.o
chCondBroadcast                                   build/obj/chcond.o
chCondBroadcastI                                  build/obj/chcond.o
chCondObjectDispose                               build/obj/chcond.o
chCondObjectInit                                  build/obj/chcond.o
chCondSignal                                      build/obj/chcond.o
chCondSignalI                                     build/obj/chcond.o
chCondWait                                        build/obj/chcond.o
chCondWaitS                                       build/obj/chcond.o
chCondWaitTimeout                                 build/obj/chcond.o
chCondWaitTimeoutS                                build/obj/chcond.o
chCoreAllocFromBase                               build/obj/chmemcore.o
chCoreAllocFromBaseI                              build/obj/chmemcore.o
chCoreAllocFromTop                                build/obj/chmemcore.o
                                                  build/obj/chmemheaps.o
chCoreAllocFromTopI                               build/obj/chmemcore.o
chCoreGetStatusX                                  build/obj/chmemcore.o
                                                  build/obj/chmemheaps.o
chDelegateCallVeneer                              build/obj/chdelegates.o
chDelegateDispatch                                build/obj/chdelegates.o
chDelegateDispatchTimeout                         build/obj/chdelegates.o
chEvtAddEvents                                    build/obj/chevents.o
chEvtBroadcastFlags                               build/obj/chevents.o
chEvtBroadcastFlagsI                              build/obj/chevents.o
                                                  build/obj/hal_serial_lld.o
                                                  build/obj/hal_serial.o
                                                  build/obj/hal_buffered_serial.o
chEvtDispatch                                     build/obj/chevents.o
chEvtGetAndClearEvents                            build/obj/chevents.o
chEvtGetAndClearEventsI                           build/obj/chevents.o
chEvtGetAndClearFlags                             build/obj/chevents.o
chEvtGetAndClearFlagsI                            build/obj/chevents.o
chEvtObjectDispose                                build/obj/chevents.o
chEvtObjectInit                                   build/obj/chevents.o
                                                  build/obj/hal_serial.o
chEvtRegisterMaskWithFlags                        build/obj/chevents.o
chEvtRegisterMaskWithFlagsI                       build/obj/chevents.o
chEvtSignal                                       build/obj/chevents.o
chEvtSignalI                                      build/obj/chevents.o
chEvtUnregister                                   build/obj/chevents.o
chEvtWaitAll                                      build/obj/chevents.o
chEvtWaitAllTimeout                               build/obj/chevents.o
chEvtWaitAny                                      build/obj/chevents.o
chEvtWaitAnyTimeout                               build/obj/chevents.o
chEvtWaitOne                                      build/obj/chevents.o
chEvtWaitOneTimeout                               build/obj/chevents.o
chGuardedPoolAllocTimeout                         build/obj/chmempools.o
chGuardedPoolAllocTimeoutS                        build/obj/chmempools.o
chGuardedPoolFree                                 build/obj/chmempools.o
chGuardedPoolLoadArray                            build/obj/chmempools.o
chGuardedPoolObjectDispose                        build/obj/chmempools.o
chGuardedPoolObjectInitAligned                    build/obj/chmempools.o
chHeapAllocAligned                                build/obj/chmemheaps.o
chHeapFree                                        build/obj/chmemheaps.o
chHeapIntegrityCheck                              build/obj/chmemheaps.o
chHeapObjectDispose                               build/obj/chmemheaps.o
chHeapObjectInit                                  build/obj/chmemheaps.o
chHeapStatus                                      build/obj/chmemheaps.o
chInstanceObjectInit                              build/obj/chinstances.o
                                                  build/obj/chsys.o
chMBFetchI                                        build/obj/chmboxes.o
chMBFetchTimeout                                  build/obj/chmboxes.o
chMBFetchTimeoutS                                 build/obj/chmboxes.o
chMBObjectDispose                                 build/obj/chmboxes.o
chMBObjectInit                                    build/obj/chmboxes.o
chMBPostAheadI                                    build/obj/chmboxes.o
chMBPostAheadTimeout                              build/obj/chmboxes.o
chMBPostAheadTimeoutS                             build/obj/chmboxes.o
chMBPostI                                         build/obj/chmboxes.o
chMBPostTimeout                                   build/obj/chmboxes.o
chMBPostTimeoutS                                  build/obj/chmboxes.o
chMBReset                                         build/obj/chmboxes.o
chMBResetI                                        build/obj/chmboxes.o
chMemIsAddressExecutableX                         build/obj/chmemchecks.o
                                                  build/obj/chmemheaps.o
chMemIsPointersArrayWithinX                       build/obj/chmemchecks.o
chMemIsSpaceContainedX                            build/obj/chmemchecks.o
chMemIsSpaceReadableX                             build/obj/chmemchecks.o
chMemIsSpaceWritableX                             build/obj/chmemchecks.o
chMemIsStringWithinX                              build/obj/chmemchecks.o
chMsgPollS                                        build/obj/chmsg.o
chMsgRelease                                      build/obj/chmsg.o
                                                  build/obj/chdelegates.o
chMsgSend                                         build/obj/chmsg.o
                                                  build/obj/chdelegates.o
chMsgWaitS                                        build/obj/chmsg.o
                                                  build/obj/chdelegates.o
chMsgWaitTimeoutS                                 build/obj/chmsg.o
                                                  build/obj/chdelegates.o
chMtxLock                                         build/obj/chmtx.o
                                                  build/obj/chpipes.o
                                                  build/obj/chmemheaps.o
chMtxLockS                                        build/obj/chmtx.o
                                                  build/obj/chcond.o
chMtxObjectDispose                                build/obj/chmtx.o
chMtxObjectInit                                   build/obj/chmtx.o
                                                  build/obj/chpipes.o
                                                  build/obj/chmemheaps.o
chMtxTryLock                                      build/obj/chmtx.o
chMtxTryLockS                                     build/obj/chmtx.o
chMtxUnlock                                       build/obj/chmtx.o
                                                  build/obj/chpipes.o
                                                  build/obj/chmemheaps.o
chMtxUnlockAll                                    build/obj/chmtx.o
chMtxUnlockAllS                                   build/obj/chmtx.o
chMtxUnlockS                                      build/obj/chmtx.o
                                                  build/obj/chcond.o
chPipeObjectInit                                  build/obj/chpipes.o
chPipeReadTimeout                                 build/obj/chpipes.o
chPipeReset                                       build/obj/chpipes.o
chPipeWriteTimeout                                build/obj/chpipes.o
chPoolAlloc                                       build/obj/chmempools.o
chPoolAllocI                                      build/obj/chmempools.o
chPoolFree                                        build/obj/chmempools.o
chPoolFreeI                                       build/obj/chmempools.o
chPoolLoadArray                                   build/obj/chmempools.o
chPoolObjectDispose                               build/obj/chmempools.o
chPoolObjectInitAligned                           build/obj/chmempools.o
chRFCUCollectFaultsI                              build/obj/chrfcu.o
chRFCUGetAndClearFaultsI                          build/obj/chrfcu.o
chRegFindThreadByName                             build/obj/chregistry.o
chRegFindThreadByPointer                          build/obj/chregistry.o
chRegFirstThread                                  build/obj/chregistry.o
chRegNextThread                                   build/obj/chregistry.o
chSchDoPreemption                                 build/obj/chschd.o
                                                  build/obj/hal_serial_lld.o
                                                  build/obj/hal_pwm_lld.o
                                                  build/obj/hal_st_lld.o
chSchDoYieldS                                     build/obj/chschd.o
                                                  build/obj/chthreads.o
chSchGoSleepS                                     build/obj/chschd.o
                                                  build/obj/chmsg.o
                                                  build/obj/chevents.o
                                                  build/obj/chcond.o
                                                  build/obj/chmtx.o
                                                  build/obj/chsem.o
                                                  build/obj/chthreads.o
chSchGoSleepTimeoutS                              build/obj/chschd.o
                                                  build/obj/chmsg.o
                                                  build/obj/chevents.o
                                                  build/obj/chcond.o
                                                  build/obj/chsem.o
                                                  build/obj/chthreads.o
chSchIsPreemptionRequired                         build/obj/chschd.o
                                                  build/obj/hal_serial_lld.o
                                                  build/obj/hal_pwm_lld.o
                                                  build/obj/hal_st_lld.o
chSchPreemption                                   build/obj/chschd.o
chSchReadyI                                       build/obj/chschd.o
                                                  build/obj/chmsg.o
                                                  build/obj/chevents.o
                                                  build/obj/chcond.o
                                                  build/obj/chmtx.o
                                                  build/obj/chsem.o
                                                  build/obj/chthreads.o
chSchRescheduleS                                  build/obj/chschd.o
                                                  build/obj/chpipes.o
                                                  build/obj/chmempools.o
                                                  build/obj/chmboxes.o
                                                  build/obj/chevents.o
                                                  build/obj/chcond.o
                                                  build/obj/chmtx.o
                                                  build/obj/chsem.o
                                                  build/obj/chthreads.o
                                                  build/obj/chsys.o
                                                  build/obj/hal_serial.o
chSchSelectFirst                                  build/obj/chschd.o
chSchWakeupS                                      build/obj/chschd.o
                                                  build/obj/chmsg.o
                                                  build/obj/chcond.o
                                                  build/obj/chsem.o
                                                  build/obj/chthreads.o
chSemAddCounterI                                  build/obj/chsem.o
chSemObjectDispose                                build/obj/chsem.o
                                                  build/obj/chmempools.o
chSemObjectInit                                   build/obj/chsem.o
                                                  build/obj/chobjcaches.o
                                                  build/obj/chmempools.o
chSemResetWithMessage                             build/obj/chsem.o
chSemResetWithMessageI                            build/obj/chsem.o
chSemSignal                                       build/obj/chsem.o
chSemSignalI                                      build/obj/chsem.o
                                                  build/obj/chobjcaches.o
                                                  build/obj/chmempools.o
chSemSignalWait                                   build/obj/chsem.o
chSemWait                                         build/obj/chsem.o
chSemWaitS                                        build/obj/chsem.o
                                                  build/obj/chobjcaches.o
chSemWaitTimeout                                  build/obj/chsem.o
chSemWaitTimeoutS                                 build/obj/chsem.o
                                                  build/obj/chmempools.o
chSysGetIdleThreadX                               build/obj/chsys.o
chSysGetStatusAndLockX                            build/obj/chsys.o
chSysHalt                                         build/obj/chsys.o
chSysInit                                         build/obj/chsys.o
                                                  build/obj/main.o
chSysIntegrityCheckI                              build/obj/chsys.o
chSysRestoreStatusX                               build/obj/chsys.o
chSysTimerHandlerI                                build/obj/chsys.o
                                                  build/obj/hal_st_lld.o
chSysWaitSystemState                              build/obj/chsys.o
chThdAddRef                                       build/obj/chthreads.o
chThdCreate                                       build/obj/chthreads.o
chThdCreateI                                      build/obj/chthreads.o
                                                  build/obj/chinstances.o
chThdCreateStatic                                 build/obj/chthreads.o
chThdCreateSuspended                              build/obj/chthreads.o
chThdCreateSuspendedI                             build/obj/chthreads.o
chThdDequeueAllI                                  build/obj/chthreads.o
                                                  build/obj/chmboxes.o
                                                  build/obj/hal_queues.o
                                                  build/obj/hal_buffers.o
chThdDequeueNextI                                 build/obj/chthreads.o
                                                  build/obj/chmboxes.o
                                                  build/obj/hal_queues.o
                                                  build/obj/hal_buffers.o
chThdEnqueueTimeoutS                              build/obj/chthreads.o
                                                  build/obj/chmboxes.o
                                                  build/obj/hal_queues.o
                                                  build/obj/hal_buffers.o
chThdExit                                         build/obj/chthreads.o
                                                  build/obj/chcore.o
chThdExitS                                        build/obj/chthreads.o
chThdQueueObjectDispose                           build/obj/chthreads.o
                                                  build/obj/chmboxes.o
chThdQueueObjectInit                              build/obj/chthreads.o
                                                  build/obj/chmboxes.o
                                                  build/obj/hal_queues.o
                                                  build/obj/hal_buffers.o
chThdRelease                                      build/obj/chthreads.o
chThdResume                                       build/obj/chthreads.o
                                                  build/obj/chpipes.o
chThdResumeI                                      build/obj/chthreads.o
                                                  build/obj/chpipes.o
chThdResumeS                                      build/obj/chthreads.o
chThdSetPriority                                  build/obj/chthreads.o
chThdSleep                                        build/obj/chthreads.o
                                                  build/obj/main.o
                                                  build/obj/hal_flash.o
chThdSleepUntil                                   build/obj/chthreads.o
chThdSleepUntilWindowed                           build/obj/chthreads.o
chThdStart                                        build/obj/chthreads.o
chThdSuspendS                                     build/obj/chthreads.o
chThdSuspendTimeoutS                              build/obj/chthreads.o
                                                  build/obj/chpipes.o
chThdTerminate                                    build/obj/chthreads.o
chThdWait                                         build/obj/chthreads.o
chThdYield                                        build/obj/chthreads.o
chVTDoResetI                                      build/obj/chvt.o
                                                  build/obj/chschd.o
chVTDoSetContinuousI                              build/obj/chvt.o
chVTDoSetI                                        build/obj/chvt.o
                                                  build/obj/chschd.o
chVTDoTickI                                       build/obj/chvt.o
                                                  build/obj/chsys.o
chVTGetRemainingIntervalI                         build/obj/chvt.o
chVTGetTimeStampI                                 build/obj/chvt.o
chVTObjectDispose                                 build/obj/chvt.o
chVTObjectInit                                    build/obj/chvt.o
chVTResetTimeStampI                               build/obj/chvt.o
ch_core0_cfg                                      build/obj/chsys.o
ch_debug                                          build/obj/chregistry.o
                                                  build/obj/chinstances.o
ch_memcore                                        build/obj/chmemcore.o
ch_system                                         build/obj/chsys.o
                                                  build/obj/chinstances.o
driver_config                                     build/obj/main.o
exit                                              /usr/lib/gcc/avr/5.4.0/avr5/libgcc.a(_exit.o)
                                                  /usr/lib/gcc/avr/5.4.0/../../../avr/lib/avr5/crtatmega328p.o
fgetc                                             /usr/lib/gcc/avr/5.4.0/../../../avr/lib/avr5/libc.a(fgetc.o)
                                                  /usr/lib/gcc/avr/5.4.0/../../../avr/lib/avr5/libscanf_min.a(vfscanf_min.o)
flashGetAddressOffset                             build/obj/hal_flash.o
flashGetOffsetAddress                             build/obj/hal_flash.o
flashGetOffsetSector                              build/obj/hal_flash.o
flashGetSectorOffset                              build/obj/hal_flash.o
flashGetSectorSize                                build/obj/hal_flash.o
flashWaitErase                                    build/obj/hal_flash.o
fputc                                             /usr/lib/gcc/avr/5.4.0/../../../avr/lib/avr5/libc.a(fputc.o)
                                                  /usr/lib/gcc/avr/5.4.0/../../../avr/lib/avr5/libprintf_min.a(vfprintf_min.o)
halInit                                           build/obj/hal.o
                                                  build/obj/main.o
hal_lld_init                                      build/obj/hal_lld.o
                                                  build/obj/hal.o
ibqGetEmptyBufferI                                build/obj/hal_buffers.o
ibqGetFullBufferTimeout                           build/obj/hal_buffers.o
ibqGetFullBufferTimeoutS                          build/obj/hal_buffers.o
ibqGetTimeout                                     build/obj/hal_buffers.o
ibqObjectInit                                     build/obj/hal_buffers.o
ibqPostFullBufferI                                build/obj/hal_buffers.o
ibqReadTimeout                                    build/obj/hal_buffers.o
ibqReleaseEmptyBuffer                             build/obj/hal_buffers.o
ibqReleaseEmptyBufferS                            build/obj/hal_buffers.o
ibqResetI                                         build/obj/hal_buffers.o
iqGetI                                            build/obj/hal_queues.o
iqGetTimeout                                      build/obj/hal_queues.o
                                                  build/obj/hal_serial.o
iqObjectInit                                      build/obj/hal_queues.o
                                                  build/obj/hal_serial.o
iqPutI                                            build/obj/hal_queues.o
                                                  build/obj/hal_serial.o
                                                  build/obj/hal_buffered_serial.o
iqReadI                                           build/obj/hal_queues.o
iqReadTimeout                                     build/obj/hal_queues.o
                                                  build/obj/hal_serial.o
iqResetI                                          build/obj/hal_queues.o
                                                  build/obj/hal_serial.o
isspace                                           /usr/lib/gcc/avr/5.4.0/../../../avr/lib/avr5/libc.a(isspace.o)
                                                  /usr/lib/gcc/avr/5.4.0/../../../avr/lib/avr5/libscanf_min.a(vfscanf_min.o)
main                                              build/obj/main.o
                                                  /usr/lib/gcc/avr/5.4.0/../../../avr/lib/avr5/crtatmega328p.o
memcpy                                            /usr/lib/gcc/avr/5.4.0/../../../avr/lib/avr5/libc.a(memcpy.o)
                                                  build/obj/chpipes.o
                                                  build/obj/hal_queues.o
                                                  build/obj/hal_buffers.o
obqFlush                                          build/obj/hal_buffers.o
obqGetEmptyBufferTimeout                          build/obj/hal_buffers.o
obqGetEmptyBufferTimeoutS                         build/obj/hal_buffers.o
obqGetFullBufferI                                 build/obj/hal_buffers.o
obqObjectInit                                     build/obj/hal_buffers.o
obqPostFullBuffer                                 build/obj/hal_buffers.o
obqPostFullBufferS                                build/obj/hal_buffers.o
obqPutTimeout                                     build/obj/hal_buffers.o
obqReleaseEmptyBufferI                            build/obj/hal_buffers.o
obqResetI                                         build/obj/hal_buffers.o
obqTryFlushI                                      build/obj/hal_buffers.o
obqWriteTimeout                                   build/obj/hal_buffers.o
oqGetI                                            build/obj/hal_queues.o
                                                  build/obj/hal_serial.o
                                                  build/obj/hal_buffered_serial.o
oqObjectInit                                      build/obj/hal_queues.o
                                                  build/obj/hal_serial.o
oqPutI                                            build/obj/hal_queues.o
oqPutTimeout                                      build/obj/hal_queues.o
                                                  build/obj/hal_serial.o
oqResetI                                          build/obj/hal_queues.o
                                                  build/obj/hal_serial.o
oqWriteI                                          build/obj/hal_queues.o
oqWriteTimeout                                    build/obj/hal_queues.o
                                                  build/obj/hal_serial.o
palReadBus                                        build/obj/hal_pal.o
palSetBusMode                                     build/obj/hal_pal.o
palWriteBus                                       build/obj/hal_pal.o
pal_default_config                                build/obj/board.o
                                                  build/obj/hal.o
pwmChangePeriod                                   build/obj/hal_pwm.o
pwmDisableChannel                                 build/obj/hal_pwm.o
pwmDisableChannelNotification                     build/obj/hal_pwm.o
pwmDisablePeriodicNotification                    build/obj/hal_pwm.o
pwmEnableChannel                                  build/obj/hal_pwm.o
                                                  build/obj/main.o
pwmEnableChannelNotification                      build/obj/hal_pwm.o
pwmEnablePeriodicNotification                     build/obj/hal_pwm.o
pwmInit                                           build/obj/hal_pwm.o
                                                  build/obj/hal.o
pwmObjectInit                                     build/obj/hal_pwm.o
                                                  build/obj/hal_pwm_lld.o
pwmStart                                          build/obj/hal_pwm.o
                                                  build/obj/main.o
pwmStop                                           build/obj/hal_pwm.o
pwm_lld_change_period                             build/obj/hal_pwm_lld.o
                                                  build/obj/hal_pwm.o
pwm_lld_disable_channel                           build/obj/hal_pwm_lld.o
                                                  build/obj/hal_pwm.o
pwm_lld_disable_channel_notification              build/obj/hal_pwm_lld.o
                                                  build/obj/hal_pwm.o
pwm_lld_disable_periodic_notification             build/obj/hal_pwm_lld.o
                                                  build/obj/hal_pwm.o
pwm_lld_enable_channel                            build/obj/hal_pwm_lld.o
                                                  build/obj/hal_pwm.o
pwm_lld_enable_channel_notification               build/obj/hal_pwm_lld.o
                                                  build/obj/hal_pwm.o
pwm_lld_enable_periodic_notification              build/obj/hal_pwm_lld.o
                                                  build/obj/hal_pwm.o
pwm_lld_init                                      build/obj/hal_pwm_lld.o
                                                  build/obj/hal_pwm.o
pwm_lld_start                                     build/obj/hal_pwm_lld.o
                                                  build/obj/hal_pwm.o
pwm_lld_stop                                      build/obj/hal_pwm_lld.o
                                                  build/obj/hal_pwm.o
sdControl                                         build/obj/hal_serial.o
sdGetWouldBlock                                   build/obj/hal_serial.o
sdIncomingDataI                                   build/obj/hal_serial.o
                                                  build/obj/hal_serial_lld.o
sdInit                                            build/obj/hal_serial.o
                                                  build/obj/hal.o
sdObjectInit                                      build/obj/hal_serial.o
                                                  build/obj/hal_serial_lld.o
sdPutWouldBlock                                   build/obj/hal_serial.o
sdRequestDataI                                    build/obj/hal_serial.o
                                                  build/obj/hal_serial_lld.o
sdStart                                           build/obj/hal_serial.o
sdStop                                            build/obj/hal_serial.o
sd_lld_init                                       build/obj/hal_serial_lld.o
                                                  build/obj/hal_serial.o
sd_lld_start                                      build/obj/hal_serial_lld.o
                                                  build/obj/hal_serial.o
sd_lld_stop                                       build/obj/hal_serial_lld.o
                                                  build/obj/hal_serial.o
stInit                                            build/obj/hal_st.o
                                                  build/obj/hal.o
st_lld_init                                       build/obj/hal_st_lld.o
                                                  build/obj/hal_st.o
strchr_P                                          /usr/lib/gcc/avr/5.4.0/../../../avr/lib/avr5/libc.a(strchr_P.o)
                                                  /usr/lib/gcc/avr/5.4.0/../../../avr/lib/avr5/libscanf_min.a(vfscanf_min.o)
                                                  /usr/lib/gcc/avr/5.4.0/../../../avr/lib/avr5/libprintf_min.a(vfprintf_min.o)
strcmp                                            /usr/lib/gcc/avr/5.4.0/../../../avr/lib/avr5/libc.a(strcmp.o)
                                                  build/obj/chregistry.o
ungetc                                            /usr/lib/gcc/avr/5.4.0/../../../avr/lib/avr5/libc.a(ungetc.o)
                                                  /usr/lib/gcc/avr/5.4.0/../../../avr/lib/avr5/libscanf_min.a(vfscanf_min.o)
vfprintf                                          /usr/lib/gcc/avr/5.4.0/../../../avr/lib/avr5/libprintf_min.a(vfprintf_min.o)
vfscanf                                           /usr/lib/gcc/avr/5.4.0/../../../avr/lib/avr5/libscanf_min.a(vfscanf_min.o)
